2018-10-26 14:36:59.648 15571-20406/com.serenegiant.usbcameratest8 I/libUVCCamera: [20406*UVCPreview.cpp:847:do_capture_callback]:[do_capture_callback-847] begin
2018-10-26 14:36:59.648 15571-20406/com.serenegiant.usbcameratest8 I/libUVCCamera: [20406*UVCPreview.cpp:875:do_capture_callback]:[do_capture_callback-875] end
2018-10-26 14:36:59.675 15571-20406/com.serenegiant.usbcameratest8 I/libUVCCamera: [20406*UVCPreview.cpp:847:do_capture_callback]:[do_capture_callback-847] begin
2018-10-26 14:36:59.675 15571-20406/com.serenegiant.usbcameratest8 I/libUVCCamera: [20406*UVCPreview.cpp:875:do_capture_callback]:[do_capture_callback-875] end
2018-10-26 14:36:59.711 15571-20406/com.serenegiant.usbcameratest8 I/libUVCCamera: [20406*UVCPreview.cpp:847:do_capture_callback]:[do_capture_callback-847] begin
2018-10-26 14:36:59.711 15571-20406/com.serenegiant.usbcameratest8 I/libUVCCamera: [20406*UVCPreview.cpp:875:do_capture_callback]:[do_capture_callback-875] end
2018-10-26 14:36:59.747 15571-20406/com.serenegiant.usbcameratest8 I/libUVCCamera: [20406*UVCPreview.cpp:847:do_capture_callback]:[do_capture_callback-847] begin
2018-10-26 14:36:59.748 15571-20406/com.serenegiant.usbcameratest8 I/libUVCCamera: [20406*UVCPreview.cpp:875:do_capture_callback]:[do_capture_callback-875] end
2018-10-26 14:36:59.776 15571-20406/com.serenegiant.usbcameratest8 I/libUVCCamera: [20406*UVCPreview.cpp:847:do_capture_callback]:[do_capture_callback-847] begin
2018-10-26 14:36:59.776 15571-20406/com.serenegiant.usbcameratest8 I/libUVCCamera: [20406*UVCPreview.cpp:875:do_capture_callback]:[do_capture_callback-875] end
2018-10-26 14:36:59.808 15571-20406/com.serenegiant.usbcameratest8 I/libUVCCamera: [20406*UVCPreview.cpp:847:do_capture_callback]:[do_capture_callback-847] begin
2018-10-26 14:36:59.808 15571-20406/com.serenegiant.usbcameratest8 I/libUVCCamera: [20406*UVCPreview.cpp:875:do_capture_callback]:[do_capture_callback-875] end
2018-10-26 14:36:59.847 15571-20406/com.serenegiant.usbcameratest8 I/libUVCCamera: [20406*UVCPreview.cpp:847:do_capture_callback]:[do_capture_callback-847] begin
2018-10-26 14:36:59.847 15571-20406/com.serenegiant.usbcameratest8 I/libUVCCamera: [20406*UVCPreview.cpp:875:do_capture_callback]:[do_capture_callback-875] end
2018-10-26 14:36:59.880 15571-20406/com.serenegiant.usbcameratest8 I/libUVCCamera: [20406*UVCPreview.cpp:847:do_capture_callback]:[do_capture_callback-847] begin
2018-10-26 14:36:59.881 15571-20406/com.serenegiant.usbcameratest8 I/libUVCCamera: [20406*UVCPreview.cpp:875:do_capture_callback]:[do_capture_callback-875] end
2018-10-26 14:36:59.913 15571-20406/com.serenegiant.usbcameratest8 I/libUVCCamera: [20406*UVCPreview.cpp:847:do_capture_callback]:[do_capture_callback-847] begin
2018-10-26 14:36:59.913 15571-20406/com.serenegiant.usbcameratest8 I/libUVCCamera: [20406*UVCPreview.cpp:875:do_capture_callback]:[do_capture_callback-875] end
2018-10-26 14:36:59.950 15571-20406/com.serenegiant.usbcameratest8 I/libUVCCamera: [20406*UVCPreview.cpp:847:do_capture_callback]:[do_capture_callback-847] begin
2018-10-26 14:36:59.951 15571-20406/com.serenegiant.usbcameratest8 I/libUVCCamera: [20406*UVCPreview.cpp:875:do_capture_callback]:[do_capture_callback-875] end
2018-10-26 14:36:59.976 15571-20406/com.serenegiant.usbcameratest8 I/libUVCCamera: [20406*UVCPreview.cpp:847:do_capture_callback]:[do_capture_callback-847] begin
2018-10-26 14:36:59.976 15571-20406/com.serenegiant.usbcameratest8 I/libUVCCamera: [20406*UVCPreview.cpp:875:do_capture_callback]:[do_capture_callback-875] end
2018-10-26 14:36:59.990 15571-15571/com.serenegiant.usbcameratest8 V/AbsUVCCameraHandler: close:
2018-10-26 14:36:59.990 15571-15571/com.serenegiant.usbcameratest8 V/AbsUVCCameraHandler: stopPreview:
2018-10-26 14:36:59.991 15571-20329/com.serenegiant.usbcameratest8 V/CameraThread: handleStopRecording:mMuxer=null
2018-10-26 14:36:59.992 15571-20329/com.serenegiant.usbcameratest8 I/libUVCCamera: [20329*serenegiant_usb_UVCCamera.cpp:283:nativeSetCaptureDisplay]:[nativeSetCaptureDisplay-283] begin
2018-10-26 14:36:59.992 15571-20329/com.serenegiant.usbcameratest8 I/UVCCamera: [20329*UVCCamera.cpp:295:setCaptureDisplay]:[setCaptureDisplay-295] begin
2018-10-26 14:36:59.992 15571-20329/com.serenegiant.usbcameratest8 I/libUVCCamera: [20329*UVCPreview.cpp:666:setCaptureDisplay]:[setCaptureDisplay-666] begin
2018-10-26 14:36:59.992 15571-20329/com.serenegiant.usbcameratest8 I/libUVCCamera: [20329*UVCPreview.cpp:698:setCaptureDisplay]:[setCaptureDisplay-698] return (0)
2018-10-26 14:36:59.992 15571-20329/com.serenegiant.usbcameratest8 I/UVCCamera: [20329*UVCCamera.cpp:300:setCaptureDisplay]:[setCaptureDisplay-300] return (0)
2018-10-26 14:36:59.992 15571-20329/com.serenegiant.usbcameratest8 I/libUVCCamera: [20329*serenegiant_usb_UVCCamera.cpp:289:nativeSetCaptureDisplay]:[nativeSetCaptureDisplay-289] return (0)
2018-10-26 14:36:59.992 15571-20329/com.serenegiant.usbcameratest8 V/UVCCameraTextureView: setVideoEncoder:
2018-10-26 14:36:59.992 15571-20329/com.serenegiant.usbcameratest8 V/CameraThread: handleStopPreview:
2018-10-26 14:36:59.993 15571-20329/com.serenegiant.usbcameratest8 I/libUVCCamera: [20329*serenegiant_usb_UVCCamera.cpp:270:nativeSetFrameCallback]:[nativeSetFrameCallback-270] begin
2018-10-26 14:36:59.993 15571-20329/com.serenegiant.usbcameratest8 I/UVCCamera: [20329*UVCCamera.cpp:268:setFrameCallback]:[setFrameCallback-268] begin
2018-10-26 14:36:59.993 15571-20329/com.serenegiant.usbcameratest8 I/libUVCCamera: [20329*UVCPreview.cpp:211:setFrameCallback]:[setFrameCallback-211] begin
2018-10-26 14:36:59.993 15571-20329/com.serenegiant.usbcameratest8 I/libUVCCamera: [20329*UVCPreview.cpp:250:setFrameCallback]:[setFrameCallback-250] return (0)
2018-10-26 14:36:59.993 15571-20329/com.serenegiant.usbcameratest8 I/UVCCamera: [20329*UVCCamera.cpp:273:setFrameCallback]:[setFrameCallback-273] return (0)
2018-10-26 14:36:59.993 15571-20329/com.serenegiant.usbcameratest8 I/libUVCCamera: [20329*serenegiant_usb_UVCCamera.cpp:276:nativeSetFrameCallback]:[nativeSetFrameCallback-276] return (0)
2018-10-26 14:36:59.993 15571-20329/com.serenegiant.usbcameratest8 I/libUVCCamera: [20329*serenegiant_usb_UVCCamera.cpp:245:nativeStopPreview]:[nativeStopPreview-245] begin
2018-10-26 14:36:59.993 15571-20329/com.serenegiant.usbcameratest8 I/UVCCamera: [20329*UVCCamera.cpp:287:stopPreview]:[stopPreview-287] begin
2018-10-26 14:36:59.993 15571-20329/com.serenegiant.usbcameratest8 I/libUVCCamera: [20329*UVCPreview.cpp:355:stopPreview]:[stopPreview-355] begin
2018-10-26 14:36:59.993 15571-20403/com.serenegiant.usbcameratest8 I/libuvc/stream: [20403*stream.c:1783:uvc_stop_streaming]:[stream.c:1783] begin uvc_stop_streaming
2018-10-26 14:36:59.993 15571-20403/com.serenegiant.usbcameratest8 I/libuvc/stream: [20403*stream.c:1863:uvc_stream_close]:[stream.c:1863] begin uvc_stream_close
2018-10-26 14:36:59.993 15571-20403/com.serenegiant.usbcameratest8 I/libuvc/stream: [20403*stream.c:1801:uvc_stream_stop]:[uvc_stream_stop-1801] begin
2018-10-26 14:36:59.993 15571-20403/com.serenegiant.usbcameratest8 I/libusb/usbfs: [20403*android_usbfs.c:2524:op_cancel_transfer]:[op_cancel_transfer-2524] begin
2018-10-26 14:36:59.993 15571-20403/com.serenegiant.usbcameratest8 I/libusb/usbfs: [20403*android_usbfs.c:2083:discard_urbs]:[discard_urbs-2083] begin
2018-10-26 14:36:59.993 15571-20406/com.serenegiant.usbcameratest8 I/libUVCCamera: [20406*UVCPreview.cpp:847:do_capture_callback]:[do_capture_callback-847] begin
2018-10-26 14:36:59.993 15571-20406/com.serenegiant.usbcameratest8 I/libUVCCamera: [20406*UVCPreview.cpp:875:do_capture_callback]:[do_capture_callback-875] end
2018-10-26 14:36:59.993 15571-20406/com.serenegiant.usbcameratest8 I/libUVCCamera: [20406*UVCPreview.cpp:799:do_capture_idle_loop]:[do_capture_idle_loop-799] end
2018-10-26 14:36:59.993 15571-20406/com.serenegiant.usbcameratest8 I/libUVCCamera: [20406*UVCPreview.cpp:789:do_capture]:[do_capture-789] end
2018-10-26 14:36:59.995 15571-20403/com.serenegiant.usbcameratest8 I/libusb/usbfs: [20403*android_usbfs.c:2114:discard_urbs]:[discard_urbs-2114] return (0)
2018-10-26 14:36:59.995 15571-20403/com.serenegiant.usbcameratest8 I/libusb/usbfs: [20403*android_usbfs.c:2548:op_cancel_transfer]:[op_cancel_transfer-2548] return (0)
2018-10-26 14:36:59.995 15571-20403/com.serenegiant.usbcameratest8 I/libusb/usbfs: [20403*android_usbfs.c:2524:op_cancel_transfer]:[op_cancel_transfer-2524] begin
2018-10-26 14:36:59.995 15571-20403/com.serenegiant.usbcameratest8 I/libusb/usbfs: [20403*android_usbfs.c:2083:discard_urbs]:[discard_urbs-2083] begin
2018-10-26 14:36:59.995 15571-20403/com.serenegiant.usbcameratest8 I/libusb/usbfs: [20403*android_usbfs.c:2114:discard_urbs]:[discard_urbs-2114] return (0)
2018-10-26 14:36:59.995 15571-20403/com.serenegiant.usbcameratest8 I/libusb/usbfs: [20403*android_usbfs.c:2548:op_cancel_transfer]:[op_cancel_transfer-2548] return (0)
2018-10-26 14:36:59.995 15571-20403/com.serenegiant.usbcameratest8 I/libusb/usbfs: [20403*android_usbfs.c:2524:op_cancel_transfer]:[op_cancel_transfer-2524] begin
2018-10-26 14:36:59.995 15571-20402/com.serenegiant.usbcameratest8 I/libuvc/stream: [20402*stream.c:629:_uvc_delete_transfer]:[_uvc_delete_transfer-629] begin
2018-10-26 14:36:59.995 15571-20403/com.serenegiant.usbcameratest8 I/libusb/usbfs: [20403*android_usbfs.c:2083:discard_urbs]:[discard_urbs-2083] begin
2018-10-26 14:36:59.995 15571-20336/com.serenegiant.usbcameratest8 V/UVCCameraTextureView: RenderThread#setEncoder:encoder=null
2018-10-26 14:36:59.995 15571-20403/com.serenegiant.usbcameratest8 I/libusb/usbfs: [20403*android_usbfs.c:2114:discard_urbs]:[discard_urbs-2114] return (0)
2018-10-26 14:36:59.995 15571-20403/com.serenegiant.usbcameratest8 I/libusb/usbfs: [20403*android_usbfs.c:2548:op_cancel_transfer]:[op_cancel_transfer-2548] return (0)
2018-10-26 14:36:59.995 15571-20403/com.serenegiant.usbcameratest8 I/libusb/usbfs: [20403*android_usbfs.c:2524:op_cancel_transfer]:[op_cancel_transfer-2524] begin
2018-10-26 14:36:59.996 15571-20403/com.serenegiant.usbcameratest8 I/libusb/usbfs: [20403*android_usbfs.c:2083:discard_urbs]:[discard_urbs-2083] begin
2018-10-26 14:36:59.996 15571-20403/com.serenegiant.usbcameratest8 I/libusb/usbfs: [20403*android_usbfs.c:2114:discard_urbs]:[discard_urbs-2114] return (-5)
2018-10-26 14:36:59.996 15571-20403/com.serenegiant.usbcameratest8 I/libusb/usbfs: [20403*android_usbfs.c:2548:op_cancel_transfer]:[op_cancel_transfer-2548] return (-5)
2018-10-26 14:36:59.996 15571-20403/com.serenegiant.usbcameratest8 I/libusb/usbfs: [20403*android_usbfs.c:2524:op_cancel_transfer]:[op_cancel_transfer-2524] begin
2018-10-26 14:36:59.996 15571-20403/com.serenegiant.usbcameratest8 I/libusb/usbfs: [20403*android_usbfs.c:2083:discard_urbs]:[discard_urbs-2083] begin
2018-10-26 14:36:59.996 15571-20403/com.serenegiant.usbcameratest8 I/libusb/usbfs: [20403*android_usbfs.c:2114:discard_urbs]:[discard_urbs-2114] return (0)
2018-10-26 14:36:59.996 15571-20403/com.serenegiant.usbcameratest8 I/libusb/usbfs: [20403*android_usbfs.c:2548:op_cancel_transfer]:[op_cancel_transfer-2548] return (0)
2018-10-26 14:36:59.996 15571-20403/com.serenegiant.usbcameratest8 I/libusb/usbfs: [20403*android_usbfs.c:2524:op_cancel_transfer]:[op_cancel_transfer-2524] begin
2018-10-26 14:36:59.996 15571-20403/com.serenegiant.usbcameratest8 I/libusb/usbfs: [20403*android_usbfs.c:2083:discard_urbs]:[discard_urbs-2083] begin
2018-10-26 14:36:59.996 15571-20403/com.serenegiant.usbcameratest8 I/libusb/usbfs: [20403*android_usbfs.c:2114:discard_urbs]:[discard_urbs-2114] return (0)
2018-10-26 14:36:59.996 15571-20403/com.serenegiant.usbcameratest8 I/libusb/usbfs: [20403*android_usbfs.c:2548:op_cancel_transfer]:[op_cancel_transfer-2548] return (0)
2018-10-26 14:36:59.996 15571-20403/com.serenegiant.usbcameratest8 I/libusb/usbfs: [20403*android_usbfs.c:2524:op_cancel_transfer]:[op_cancel_transfer-2524] begin
2018-10-26 14:36:59.996 15571-20403/com.serenegiant.usbcameratest8 I/libusb/usbfs: [20403*android_usbfs.c:2083:discard_urbs]:[discard_urbs-2083] begin
2018-10-26 14:36:59.997 15571-20403/com.serenegiant.usbcameratest8 I/libusb/usbfs: [20403*android_usbfs.c:2114:discard_urbs]:[discard_urbs-2114] return (0)
2018-10-26 14:36:59.997 15571-20403/com.serenegiant.usbcameratest8 I/libusb/usbfs: [20403*android_usbfs.c:2548:op_cancel_transfer]:[op_cancel_transfer-2548] return (0)
2018-10-26 14:36:59.997 15571-20403/com.serenegiant.usbcameratest8 I/libusb/usbfs: [20403*android_usbfs.c:2524:op_cancel_transfer]:[op_cancel_transfer-2524] begin
2018-10-26 14:36:59.997 15571-20403/com.serenegiant.usbcameratest8 I/libusb/usbfs: [20403*android_usbfs.c:2083:discard_urbs]:[discard_urbs-2083] begin
2018-10-26 14:36:59.997 15571-20403/com.serenegiant.usbcameratest8 I/libusb/usbfs: [20403*android_usbfs.c:2114:discard_urbs]:[discard_urbs-2114] return (0)
2018-10-26 14:36:59.997 15571-20403/com.serenegiant.usbcameratest8 I/libusb/usbfs: [20403*android_usbfs.c:2548:op_cancel_transfer]:[op_cancel_transfer-2548] return (0)
2018-10-26 14:36:59.997 15571-20403/com.serenegiant.usbcameratest8 I/libusb/usbfs: [20403*android_usbfs.c:2524:op_cancel_transfer]:[op_cancel_transfer-2524] begin
2018-10-26 14:36:59.997 15571-20403/com.serenegiant.usbcameratest8 I/libusb/usbfs: [20403*android_usbfs.c:2083:discard_urbs]:[discard_urbs-2083] begin
2018-10-26 14:36:59.997 15571-20403/com.serenegiant.usbcameratest8 I/libusb/usbfs: [20403*android_usbfs.c:2114:discard_urbs]:[discard_urbs-2114] return (0)
2018-10-26 14:36:59.997 15571-20403/com.serenegiant.usbcameratest8 I/libusb/usbfs: [20403*android_usbfs.c:2548:op_cancel_transfer]:[op_cancel_transfer-2548] return (0)
2018-10-26 14:36:59.997 15571-20403/com.serenegiant.usbcameratest8 I/libusb/usbfs: [20403*android_usbfs.c:2524:op_cancel_transfer]:[op_cancel_transfer-2524] begin
2018-10-26 14:36:59.997 15571-20403/com.serenegiant.usbcameratest8 I/libusb/usbfs: [20403*android_usbfs.c:2083:discard_urbs]:[discard_urbs-2083] begin
2018-10-26 14:36:59.998 15571-20403/com.serenegiant.usbcameratest8 I/libusb/usbfs: [20403*android_usbfs.c:2114:discard_urbs]:[discard_urbs-2114] return (0)
2018-10-26 14:36:59.998 15571-20403/com.serenegiant.usbcameratest8 I/libusb/usbfs: [20403*android_usbfs.c:2548:op_cancel_transfer]:[op_cancel_transfer-2548] return (0)
2018-10-26 14:36:59.998 15571-20402/com.serenegiant.usbcameratest8 I/libusb/usbfs: [20402*android_usbfs.c:2524:op_cancel_transfer]:[op_cancel_transfer-2524] begin
2018-10-26 14:36:59.998 15571-20402/com.serenegiant.usbcameratest8 I/libusb/usbfs: [20402*android_usbfs.c:2546:op_cancel_transfer]:[op_cancel_transfer-2546] return (-5)
2018-10-26 14:36:59.998 15571-20402/com.serenegiant.usbcameratest8 I/libuvc/stream: [20402*stream.c:656:_uvc_delete_transfer]:[_uvc_delete_transfer-656] end
2018-10-26 14:36:59.998 15571-20402/com.serenegiant.usbcameratest8 I/libuvc/stream: [20402*stream.c:629:_uvc_delete_transfer]:[_uvc_delete_transfer-629] begin
2018-10-26 14:36:59.998 15571-20402/com.serenegiant.usbcameratest8 I/libusb/usbfs: [20402*android_usbfs.c:2524:op_cancel_transfer]:[op_cancel_transfer-2524] begin
2018-10-26 14:36:59.998 15571-20402/com.serenegiant.usbcameratest8 I/libusb/usbfs: [20402*android_usbfs.c:2546:op_cancel_transfer]:[op_cancel_transfer-2546] return (-5)
2018-10-26 14:36:59.998 15571-20402/com.serenegiant.usbcameratest8 I/libuvc/stream: [20402*stream.c:656:_uvc_delete_transfer]:[_uvc_delete_transfer-656] end
2018-10-26 14:36:59.998 15571-20402/com.serenegiant.usbcameratest8 I/libuvc/stream: [20402*stream.c:629:_uvc_delete_transfer]:[_uvc_delete_transfer-629] begin
2018-10-26 14:36:59.998 15571-20402/com.serenegiant.usbcameratest8 I/libusb/usbfs: [20402*android_usbfs.c:2524:op_cancel_transfer]:[op_cancel_transfer-2524] begin
2018-10-26 14:36:59.998 15571-20402/com.serenegiant.usbcameratest8 I/libusb/usbfs: [20402*android_usbfs.c:2546:op_cancel_transfer]:[op_cancel_transfer-2546] return (-5)
2018-10-26 14:36:59.999 15571-20402/com.serenegiant.usbcameratest8 I/libuvc/stream: [20402*stream.c:656:_uvc_delete_transfer]:[_uvc_delete_transfer-656] end
2018-10-26 14:36:59.999 15571-20402/com.serenegiant.usbcameratest8 I/libuvc/stream: [20402*stream.c:629:_uvc_delete_transfer]:[_uvc_delete_transfer-629] begin
2018-10-26 14:36:59.999 15571-20402/com.serenegiant.usbcameratest8 I/libusb/usbfs: [20402*android_usbfs.c:2524:op_cancel_transfer]:[op_cancel_transfer-2524] begin
2018-10-26 14:36:59.999 15571-20402/com.serenegiant.usbcameratest8 I/libusb/usbfs: [20402*android_usbfs.c:2546:op_cancel_transfer]:[op_cancel_transfer-2546] return (-5)
2018-10-26 14:36:59.999 15571-20402/com.serenegiant.usbcameratest8 I/libuvc/stream: [20402*stream.c:656:_uvc_delete_transfer]:[_uvc_delete_transfer-656] end
2018-10-26 14:36:59.999 15571-20402/com.serenegiant.usbcameratest8 I/libuvc/stream: [20402*stream.c:629:_uvc_delete_transfer]:[_uvc_delete_transfer-629] begin
2018-10-26 14:36:59.999 15571-20402/com.serenegiant.usbcameratest8 I/libusb/usbfs: [20402*android_usbfs.c:2524:op_cancel_transfer]:[op_cancel_transfer-2524] begin
2018-10-26 14:36:59.999 15571-20402/com.serenegiant.usbcameratest8 I/libusb/usbfs: [20402*android_usbfs.c:2546:op_cancel_transfer]:[op_cancel_transfer-2546] return (-5)
2018-10-26 14:36:59.999 15571-20402/com.serenegiant.usbcameratest8 I/libuvc/stream: [20402*stream.c:656:_uvc_delete_transfer]:[_uvc_delete_transfer-656] end
2018-10-26 14:36:59.999 15571-20402/com.serenegiant.usbcameratest8 I/libuvc/stream: [20402*stream.c:629:_uvc_delete_transfer]:[_uvc_delete_transfer-629] begin
2018-10-26 14:36:59.999 15571-20402/com.serenegiant.usbcameratest8 I/libusb/usbfs: [20402*android_usbfs.c:2524:op_cancel_transfer]:[op_cancel_transfer-2524] begin
2018-10-26 14:36:59.999 15571-20402/com.serenegiant.usbcameratest8 I/libusb/usbfs: [20402*android_usbfs.c:2546:op_cancel_transfer]:[op_cancel_transfer-2546] return (-5)
2018-10-26 14:36:59.999 15571-20402/com.serenegiant.usbcameratest8 I/libuvc/stream: [20402*stream.c:656:_uvc_delete_transfer]:[_uvc_delete_transfer-656] end
2018-10-26 14:36:59.999 15571-20402/com.serenegiant.usbcameratest8 I/libuvc/stream: [20402*stream.c:629:_uvc_delete_transfer]:[_uvc_delete_transfer-629] begin
2018-10-26 14:36:59.999 15571-20402/com.serenegiant.usbcameratest8 I/libusb/usbfs: [20402*android_usbfs.c:2524:op_cancel_transfer]:[op_cancel_transfer-2524] begin
2018-10-26 14:36:59.999 15571-20402/com.serenegiant.usbcameratest8 I/libusb/usbfs: [20402*android_usbfs.c:2546:op_cancel_transfer]:[op_cancel_transfer-2546] return (-5)
2018-10-26 14:37:00.000 15571-20402/com.serenegiant.usbcameratest8 I/libuvc/stream: [20402*stream.c:656:_uvc_delete_transfer]:[_uvc_delete_transfer-656] end
2018-10-26 14:37:00.000 15571-20402/com.serenegiant.usbcameratest8 I/libuvc/stream: [20402*stream.c:629:_uvc_delete_transfer]:[_uvc_delete_transfer-629] begin
2018-10-26 14:37:00.000 15571-20402/com.serenegiant.usbcameratest8 I/libusb/usbfs: [20402*android_usbfs.c:2524:op_cancel_transfer]:[op_cancel_transfer-2524] begin
2018-10-26 14:37:00.000 15571-20402/com.serenegiant.usbcameratest8 I/libusb/usbfs: [20402*android_usbfs.c:2546:op_cancel_transfer]:[op_cancel_transfer-2546] return (-5)
2018-10-26 14:37:00.000 15571-20402/com.serenegiant.usbcameratest8 I/libuvc/stream: [20402*stream.c:656:_uvc_delete_transfer]:[_uvc_delete_transfer-656] end
2018-10-26 14:37:00.000 15571-20402/com.serenegiant.usbcameratest8 I/libuvc/stream: [20402*stream.c:629:_uvc_delete_transfer]:[_uvc_delete_transfer-629] begin
2018-10-26 14:37:00.000 15571-20402/com.serenegiant.usbcameratest8 I/libusb/usbfs: [20402*android_usbfs.c:2524:op_cancel_transfer]:[op_cancel_transfer-2524] begin
2018-10-26 14:37:00.000 15571-20402/com.serenegiant.usbcameratest8 I/libusb/usbfs: [20402*android_usbfs.c:2546:op_cancel_transfer]:[op_cancel_transfer-2546] return (-5)
2018-10-26 14:37:00.000 15571-20402/com.serenegiant.usbcameratest8 I/libuvc/stream: [20402*stream.c:656:_uvc_delete_transfer]:[_uvc_delete_transfer-656] end
2018-10-26 14:37:00.000 15571-20402/com.serenegiant.usbcameratest8 I/libuvc/stream: [20402*stream.c:629:_uvc_delete_transfer]:[_uvc_delete_transfer-629] begin
2018-10-26 14:37:00.000 15571-20402/com.serenegiant.usbcameratest8 I/libusb/usbfs: [20402*android_usbfs.c:2524:op_cancel_transfer]:[op_cancel_transfer-2524] begin
2018-10-26 14:37:00.000 15571-20402/com.serenegiant.usbcameratest8 I/libusb/usbfs: [20402*android_usbfs.c:2546:op_cancel_transfer]:[op_cancel_transfer-2546] return (-5)
2018-10-26 14:37:00.000 15571-20402/com.serenegiant.usbcameratest8 I/libuvc/stream: [20402*stream.c:656:_uvc_delete_transfer]:[_uvc_delete_transfer-656] end
2018-10-26 14:37:00.000 15571-20403/com.serenegiant.usbcameratest8 I/libuvc/stream: [20403*stream.c:1852:uvc_stream_stop]:[uvc_stream_stop-1852] return (0)
2018-10-26 14:37:00.000 15571-20403/com.serenegiant.usbcameratest8 I/libuvc/device: [20403*device.c:865:uvc_release_if]:[device.c:865] begin uvc_release_if
2018-10-26 14:37:00.000 15571-20403/com.serenegiant.usbcameratest8 I/libusb/core: [20403*core.c:1666:libusb_release_interface]:[libusb_release_interface-1666] begin
2018-10-26 14:37:00.001 15571-20403/com.serenegiant.usbcameratest8 I/libusb/usbfs: [20403*android_usbfs.c:1766:release_interface]:[release_interface-1766] begin
2018-10-26 14:37:00.162 15571-20403/com.serenegiant.usbcameratest8 I/libusb/usbfs: [20403*android_usbfs.c:1780:release_interface]:[release_interface-1780] return (0)
2018-10-26 14:37:00.163 15571-20403/com.serenegiant.usbcameratest8 I/libusb/core: [20403*core.c:1690:libusb_release_interface]:[libusb_release_interface-1690] return (0)
2018-10-26 14:37:00.163 15571-20403/com.serenegiant.usbcameratest8 I/libuvc/device: [20403*device.c:896:uvc_release_if]:[device.c:896] end uvc_release_if (0)
2018-10-26 14:37:00.164 15571-20403/com.serenegiant.usbcameratest8 I/libUVCCamera: [20403*UVCPreview.cpp:565:do_preview]:[do_preview-565] end
2018-10-26 14:37:00.165 15571-20329/com.serenegiant.usbcameratest8 I/libUVCCamera: [20329*UVCPreview.cpp:289:clearDisplay]:[clearDisplay-289] begin
2018-10-26 14:37:00.166 15571-20329/com.serenegiant.usbcameratest8 I/libUVCCamera: [20329*UVCPreview.cpp:325:clearDisplay]:[clearDisplay-325] end
2018-10-26 14:37:00.166 15571-20329/com.serenegiant.usbcameratest8 I/libUVCCamera: [20329*UVCPreview.cpp:383:stopPreview]:[stopPreview-383] return (0)
2018-10-26 14:37:00.166 15571-20329/com.serenegiant.usbcameratest8 I/UVCCamera: [20329*UVCCamera.cpp:291:stopPreview]:[stopPreview-291] return (0)
2018-10-26 14:37:00.166 15571-20329/com.serenegiant.usbcameratest8 I/libUVCCamera: [20329*serenegiant_usb_UVCCamera.cpp:250:nativeStopPreview]:[nativeStopPreview-250] return (0)
2018-10-26 14:37:00.166 15571-20336/com.serenegiant.usbcameratest8 I/iGraphics: [0030080c] opt app: 0
2018-10-26 14:37:00.166 15571-15571/com.serenegiant.usbcameratest8 V/AbsUVCCameraHandler: stopPreview:finished
2018-10-26 14:37:00.166 15571-20329/com.serenegiant.usbcameratest8 V/CameraThread: handleStopPreview:finished
2018-10-26 14:37:00.166 15571-15571/com.serenegiant.usbcameratest8 V/AbsUVCCameraHandler: close:finished
2018-10-26 14:37:00.166 15571-20329/com.serenegiant.usbcameratest8 V/CameraThread: handleClose:
2018-10-26 14:37:00.166 15571-20329/com.serenegiant.usbcameratest8 V/CameraThread: handleStopRecording:mMuxer=null
2018-10-26 14:37:00.166 15571-20329/com.serenegiant.usbcameratest8 I/libUVCCamera: [20329*serenegiant_usb_UVCCamera.cpp:283:nativeSetCaptureDisplay]:[nativeSetCaptureDisplay-283] begin
2018-10-26 14:37:00.166 15571-20329/com.serenegiant.usbcameratest8 I/UVCCamera: [20329*UVCCamera.cpp:295:setCaptureDisplay]:[setCaptureDisplay-295] begin
2018-10-26 14:37:00.166 15571-20329/com.serenegiant.usbcameratest8 I/libUVCCamera: [20329*UVCPreview.cpp:666:setCaptureDisplay]:[setCaptureDisplay-666] begin
2018-10-26 14:37:00.167 15571-20329/com.serenegiant.usbcameratest8 I/libUVCCamera: [20329*UVCPreview.cpp:698:setCaptureDisplay]:[setCaptureDisplay-698] return (0)
2018-10-26 14:37:00.167 15571-20329/com.serenegiant.usbcameratest8 I/UVCCamera: [20329*UVCCamera.cpp:300:setCaptureDisplay]:[setCaptureDisplay-300] return (0)
2018-10-26 14:37:00.167 15571-20329/com.serenegiant.usbcameratest8 I/libUVCCamera: [20329*serenegiant_usb_UVCCamera.cpp:289:nativeSetCaptureDisplay]:[nativeSetCaptureDisplay-289] return (0)
2018-10-26 14:37:00.167 15571-20329/com.serenegiant.usbcameratest8 V/UVCCameraTextureView: setVideoEncoder:
2018-10-26 14:37:00.167 15571-20329/com.serenegiant.usbcameratest8 I/libUVCCamera: [20329*serenegiant_usb_UVCCamera.cpp:270:nativeSetFrameCallback]:[nativeSetFrameCallback-270] begin
2018-10-26 14:37:00.167 15571-20329/com.serenegiant.usbcameratest8 I/UVCCamera: [20329*UVCCamera.cpp:268:setFrameCallback]:[setFrameCallback-268] begin
2018-10-26 14:37:00.167 15571-20329/com.serenegiant.usbcameratest8 I/libUVCCamera: [20329*UVCPreview.cpp:211:setFrameCallback]:[setFrameCallback-211] begin
2018-10-26 14:37:00.167 15571-20329/com.serenegiant.usbcameratest8 I/libUVCCamera: [20329*UVCPreview.cpp:250:setFrameCallback]:[setFrameCallback-250] return (0)
2018-10-26 14:37:00.167 15571-20329/com.serenegiant.usbcameratest8 I/UVCCamera: [20329*UVCCamera.cpp:273:setFrameCallback]:[setFrameCallback-273] return (0)
2018-10-26 14:37:00.167 15571-20329/com.serenegiant.usbcameratest8 I/libUVCCamera: [20329*serenegiant_usb_UVCCamera.cpp:276:nativeSetFrameCallback]:[nativeSetFrameCallback-276] return (0)
2018-10-26 14:37:00.167 15571-20329/com.serenegiant.usbcameratest8 I/libUVCCamera: [20329*serenegiant_usb_UVCCamera.cpp:245:nativeStopPreview]:[nativeStopPreview-245] begin
2018-10-26 14:37:00.167 15571-20329/com.serenegiant.usbcameratest8 I/UVCCamera: [20329*UVCCamera.cpp:287:stopPreview]:[stopPreview-287] begin
2018-10-26 14:37:00.167 15571-20329/com.serenegiant.usbcameratest8 I/libUVCCamera: [20329*UVCPreview.cpp:355:stopPreview]:[stopPreview-355] begin
2018-10-26 14:37:00.167 15571-20329/com.serenegiant.usbcameratest8 I/libUVCCamera: [20329*UVCPreview.cpp:383:stopPreview]:[stopPreview-383] return (0)
2018-10-26 14:37:00.167 15571-20329/com.serenegiant.usbcameratest8 I/UVCCamera: [20329*UVCCamera.cpp:291:stopPreview]:[stopPreview-291] return (0)
2018-10-26 14:37:00.167 15571-20329/com.serenegiant.usbcameratest8 I/libUVCCamera: [20329*serenegiant_usb_UVCCamera.cpp:250:nativeStopPreview]:[nativeStopPreview-250] return (0)
2018-10-26 14:37:00.167 15571-20329/com.serenegiant.usbcameratest8 I/libUVCCamera: [20329*serenegiant_usb_UVCCamera.cpp:270:nativeSetFrameCallback]:[nativeSetFrameCallback-270] begin
2018-10-26 14:37:00.167 15571-20329/com.serenegiant.usbcameratest8 I/UVCCamera: [20329*UVCCamera.cpp:268:setFrameCallback]:[setFrameCallback-268] begin
2018-10-26 14:37:00.167 15571-20329/com.serenegiant.usbcameratest8 I/libUVCCamera: [20329*UVCPreview.cpp:211:setFrameCallback]:[setFrameCallback-211] begin
2018-10-26 14:37:00.167 15571-20329/com.serenegiant.usbcameratest8 I/libUVCCamera: [20329*UVCPreview.cpp:250:setFrameCallback]:[setFrameCallback-250] return (0)
2018-10-26 14:37:00.167 15571-20329/com.serenegiant.usbcameratest8 I/UVCCamera: [20329*UVCCamera.cpp:273:setFrameCallback]:[setFrameCallback-273] return (0)
2018-10-26 14:37:00.167 15571-20329/com.serenegiant.usbcameratest8 I/libUVCCamera: [20329*serenegiant_usb_UVCCamera.cpp:276:nativeSetFrameCallback]:[nativeSetFrameCallback-276] return (0)
2018-10-26 14:37:00.167 15571-20329/com.serenegiant.usbcameratest8 I/libUVCCamera: [20329*serenegiant_usb_UVCCamera.cpp:245:nativeStopPreview]:[nativeStopPreview-245] begin
2018-10-26 14:37:00.167 15571-20329/com.serenegiant.usbcameratest8 I/UVCCamera: [20329*UVCCamera.cpp:287:stopPreview]:[stopPreview-287] begin
2018-10-26 14:37:00.167 15571-20329/com.serenegiant.usbcameratest8 I/libUVCCamera: [20329*UVCPreview.cpp:355:stopPreview]:[stopPreview-355] begin
2018-10-26 14:37:00.167 15571-20329/com.serenegiant.usbcameratest8 I/libUVCCamera: [20329*UVCPreview.cpp:383:stopPreview]:[stopPreview-383] return (0)
2018-10-26 14:37:00.167 15571-20329/com.serenegiant.usbcameratest8 I/UVCCamera: [20329*UVCCamera.cpp:291:stopPreview]:[stopPreview-291] return (0)
2018-10-26 14:37:00.167 15571-20329/com.serenegiant.usbcameratest8 I/libUVCCamera: [20329*serenegiant_usb_UVCCamera.cpp:250:nativeStopPreview]:[nativeStopPreview-250] return (0)
2018-10-26 14:37:00.167 15571-20329/com.serenegiant.usbcameratest8 I/libUVCCamera: [20329*serenegiant_usb_UVCCamera.cpp:164:nativeRelease]:[nativeRelease-164] begin
2018-10-26 14:37:00.167 15571-20329/com.serenegiant.usbcameratest8 I/UVCCamera: [20329*UVCCamera.cpp:192:release]:[release-192] begin
2018-10-26 14:37:00.167 15571-20329/com.serenegiant.usbcameratest8 I/UVCCamera: [20329*UVCCamera.cpp:287:stopPreview]:[stopPreview-287] begin
2018-10-26 14:37:00.167 15571-20329/com.serenegiant.usbcameratest8 I/libUVCCamera: [20329*UVCPreview.cpp:355:stopPreview]:[stopPreview-355] begin
2018-10-26 14:37:00.168 15571-20329/com.serenegiant.usbcameratest8 I/libUVCCamera: [20329*UVCPreview.cpp:383:stopPreview]:[stopPreview-383] return (0)
2018-10-26 14:37:00.168 15571-20329/com.serenegiant.usbcameratest8 I/UVCCamera: [20329*UVCCamera.cpp:291:stopPreview]:[stopPreview-291] return (0)
2018-10-26 14:37:00.168 15571-20329/com.serenegiant.usbcameratest8 I/libUVCCamera: [20329*UVCStatusCallback.cpp:23:~UVCStatusCallback]:[~UVCStatusCallback-23] begin
2018-10-26 14:37:00.168 15571-20329/com.serenegiant.usbcameratest8 I/libUVCCamera: [20329*UVCStatusCallback.cpp:25:~UVCStatusCallback]:[~UVCStatusCallback-25] end
2018-10-26 14:37:00.168 15571-20329/com.serenegiant.usbcameratest8 I/libUVCCamera: [20329*UVCButtonCallback.cpp:23:~UVCButtonCallback]:[~UVCButtonCallback-23] begin
2018-10-26 14:37:00.168 15571-20329/com.serenegiant.usbcameratest8 I/libUVCCamera: [20329*UVCButtonCallback.cpp:25:~UVCButtonCallback]:[~UVCButtonCallback-25] end
2018-10-26 14:37:00.168 15571-20329/com.serenegiant.usbcameratest8 I/libUVCCamera: [20329*UVCPreview.cpp:85:~UVCPreview]:[~UVCPreview-85] begin
2018-10-26 14:37:00.168 15571-20329/com.serenegiant.usbcameratest8 I/libUVCCamera: [20329*UVCPreview.cpp:154:clear_pool]:[clear_pool-154] begin
2018-10-26 14:37:00.168 15571-15571/com.serenegiant.usbcameratest8 V/AudioManager: playSoundEffect   effectType: 0
2018-10-26 14:37:00.168 15571-20329/com.serenegiant.usbcameratest8 I/libUVCCamera: [20329*UVCPreview.cpp:165:clear_pool]:[clear_pool-165] end
2018-10-26 14:37:00.168 15571-20329/com.serenegiant.usbcameratest8 I/libUVCCamera: [20329*UVCPreview.cpp:100:~UVCPreview]:[~UVCPreview-100] end
2018-10-26 14:37:00.168 15571-20329/com.serenegiant.usbcameratest8 I/libuvc/device: [20329*device.c:1557:uvc_close]:[device.c:1557] begin uvc_close
2018-10-26 14:37:00.168 15571-20329/com.serenegiant.usbcameratest8 I/libuvc/device: [20329*device.c:865:uvc_release_if]:[device.c:865] begin uvc_release_if
2018-10-26 14:37:00.168 15571-20329/com.serenegiant.usbcameratest8 I/libusb/core: [20329*core.c:1666:libusb_release_interface]:[libusb_release_interface-1666] begin
2018-10-26 14:37:00.168 15571-20329/com.serenegiant.usbcameratest8 I/libusb/usbfs: [20329*android_usbfs.c:1766:release_interface]:[release_interface-1766] begin
2018-10-26 14:37:00.169 15571-20402/com.serenegiant.usbcameratest8 I/libuvc/device: [20402*device.c:1761:_uvc_status_callback]:[device.c:1761] begin _uvc_status_callback
2018-10-26 14:37:00.169 15571-20329/com.serenegiant.usbcameratest8 I/libusb/usbfs: [20329*android_usbfs.c:1780:release_interface]:[release_interface-1780] return (0)
2018-10-26 14:37:00.169 15571-20329/com.serenegiant.usbcameratest8 I/libusb/core: [20329*core.c:1690:libusb_release_interface]:[libusb_release_interface-1690] return (0)
2018-10-26 14:37:00.169 15571-20329/com.serenegiant.usbcameratest8 I/libuvc/device: [20329*device.c:896:uvc_release_if]:[device.c:896] end uvc_release_if (0)
2018-10-26 14:37:00.169 15571-20329/com.serenegiant.usbcameratest8 I/libusb/core: [20329*core.c:1995:libusb_set_auto_detach_kernel_driver]:[libusb_set_auto_detach_kernel_driver-1995] begin
2018-10-26 14:37:00.169 15571-20329/com.serenegiant.usbcameratest8 I/libusb/core: [20329*core.c:2004:libusb_set_auto_detach_kernel_driver]:[libusb_set_auto_detach_kernel_driver-2004] return (0)
2018-10-26 14:37:00.172 15571-20329/com.serenegiant.usbcameratest8 I/libuvc/device: [20329*device.c:809:uvc_unref_device]:[device.c:809] begin uvc_unref_device
2018-10-26 14:37:00.172 15571-20329/com.serenegiant.usbcameratest8 I/libuvc/device: [20329*device.c:1533:uvc_free_devh]:[device.c:1533] begin uvc_free_devh
2018-10-26 14:37:00.172 15571-20329/com.serenegiant.usbcameratest8 I/libuvc/device: [20329*device.c:421:uvc_free_device_info]:[device.c:421] begin uvc_free_device_info
2018-10-26 14:37:00.172 15571-20329/com.serenegiant.usbcameratest8 I/libuvc/device: [20329*device.c:809:uvc_unref_device]:[device.c:809] begin uvc_unref_device
2018-10-26 14:37:00.172 15571-20329/com.serenegiant.usbcameratest8 I/UVCCamera: [20329*UVCCamera.cpp:219:release]:[release-219] return (0)
2018-10-26 14:37:00.172 15571-20329/com.serenegiant.usbcameratest8 I/libUVCCamera: [20329*serenegiant_usb_UVCCamera.cpp:170:nativeRelease]:[nativeRelease-170] return (0)
2018-10-26 14:37:00.172 15571-20329/com.serenegiant.usbcameratest8 I/USBMonitor: UsbControlBlock#close:
2018-10-26 14:37:00.172 15571-20329/com.serenegiant.usbcameratest8 D/UsbDeviceConnectionJNI: close
2018-10-26 14:37:00.172 15571-20329/com.serenegiant.usbcameratest8 V/MainActivity: onDisconnect:
2018-10-26 14:37:00.173 15571-20329/com.serenegiant.usbcameratest8 V/UVCCamera: close:finished
2018-10-26 14:37:00.174 15571-20329/com.serenegiant.usbcameratest8 I/libUVCCamera: [20329*serenegiant_usb_UVCCamera.cpp:132:nativeDestroy]:[nativeDestroy-132] begin
2018-10-26 14:37:00.174 15571-20329/com.serenegiant.usbcameratest8 I/UVCCamera: [20329*UVCCamera.cpp:78:~UVCCamera]:[~UVCCamera-78] begin
2018-10-26 14:37:00.174 15571-20329/com.serenegiant.usbcameratest8 I/UVCCamera: [20329*UVCCamera.cpp:192:release]:[release-192] begin
2018-10-26 14:37:00.174 15571-20329/com.serenegiant.usbcameratest8 I/UVCCamera: [20329*UVCCamera.cpp:287:stopPreview]:[stopPreview-287] begin
2018-10-26 14:37:00.174 15571-20329/com.serenegiant.usbcameratest8 I/UVCCamera: [20329*UVCCamera.cpp:291:stopPreview]:[stopPreview-291] return (0)
2018-10-26 14:37:00.174 15571-20329/com.serenegiant.usbcameratest8 I/UVCCamera: [20329*UVCCamera.cpp:219:release]:[release-219] return (0)
2018-10-26 14:37:00.174 15571-20329/com.serenegiant.usbcameratest8 I/libusb/usbfs: [20329*android_usbfs.c:621:op_exit]:[op_exit-621] begin
2018-10-26 14:37:00.174 15571-20329/com.serenegiant.usbcameratest8 I/libusb/usbfs: [20329*android_usbfs.c:649:android_stop_event_monitor]:[android_stop_event_monitor-649] begin
2018-10-26 14:37:00.174 15571-20329/com.serenegiant.usbcameratest8 I/libusb/usbfs: [20329*android_usbfs.c:651:android_stop_event_monitor]:[android_stop_event_monitor-651] return (0)
2018-10-26 14:37:00.174 15571-20329/com.serenegiant.usbcameratest8 I/libusb/usbfs: [20329*android_usbfs.c:631:op_exit]:[op_exit-631] end
2018-10-26 14:37:00.174 15571-20329/com.serenegiant.usbcameratest8 I/UVCCamera: [20329*UVCCamera.cpp:88:~UVCCamera]:[~UVCCamera-88] end
2018-10-26 14:37:00.174 15571-20329/com.serenegiant.usbcameratest8 I/libUVCCamera: [20329*serenegiant_usb_UVCCamera.cpp:138:nativeDestroy]:[nativeDestroy-138] end
2018-10-26 14:37:00.174 15571-20321/com.serenegiant.usbcameratest8 V/AbsUVCCameraHandler: close:
2018-10-26 14:37:00.175 15571-20321/com.serenegiant.usbcameratest8 V/AbsUVCCameraHandler: close:finished
2018-10-26 14:37:00.176 15571-20336/com.serenegiant.usbcameratest8 V/UVCCameraTextureView: RenderThread#setEncoder:encoder=null
