2018-10-26 14:36:26.117 15571-15571/com.serenegiant.usbcameratest8 D/HwCust: Create obj success use class android.app.HwCustActivityImpl
2018-10-26 14:36:26.120 15571-15571/com.serenegiant.usbcameratest8 D/HwCust: Create obj success use class android.app.HwCustHwWallpaperManagerImpl
2018-10-26 14:36:26.123 15571-15571/com.serenegiant.usbcameratest8 V/ActivityThread: ActivityThread,callActivityOnCreate
2018-10-26 14:36:26.127 15571-15571/com.serenegiant.usbcameratest8 V/MainActivity: onCreate:
2018-10-26 14:36:26.132 15571-15571/com.serenegiant.usbcameratest8 D/CubicBezierInterpolator: CubicBezierInterpolator  mControlPoint1x = 0.23, mControlPoint1y = 0.06, mControlPoint2x = 0.09, mControlPoint2y = 0.97
2018-10-26 14:36:26.132 15571-15571/com.serenegiant.usbcameratest8 D/CubicBezierInterpolator: CubicBezierInterpolator  mControlPoint1x = 0.6, mControlPoint1y = 0.9, mControlPoint2x = 0.8, mControlPoint2y = 1.0
2018-10-26 14:36:26.132 15571-15571/com.serenegiant.usbcameratest8 D/CubicBezierInterpolator: CubicBezierInterpolator  mControlPoint1x = 0.23, mControlPoint1y = 0.06, mControlPoint2x = 0.09, mControlPoint2y = 0.97
2018-10-26 14:36:26.133 15571-15571/com.serenegiant.usbcameratest8 D/CubicBezierInterpolator: CubicBezierInterpolator  mControlPoint1x = 0.6, mControlPoint1y = 0.9, mControlPoint2x = 0.8, mControlPoint2y = 1.0
2018-10-26 14:36:26.194 15571-15571/com.serenegiant.usbcameratest8 D/HwRTBlurUtils: check blur style for HwPhoneWindow, themeResId : 0x7f0e0000, context : com.serenegiant.usbcameratest8.MainActivity@43b9420, Nhwext : 0, get Blur : disable with , null
2018-10-26 14:36:26.195 15571-15571/com.serenegiant.usbcameratest8 W/WindowDecorActionBar: should not do the transition or the transition anim is null or it is running or the mContainer view is null or mContainer view hasn't been drawn to screen 
2018-10-26 14:36:26.198 15571-15571/com.serenegiant.usbcameratest8 V/USBMonitor: USBMonitor:Constructor
2018-10-26 14:36:26.199 15571-15571/com.serenegiant.usbcameratest8 V/USBMonitor: USBMonitor:mUsbManager=android.hardware.usb.UsbManager@2549162
2018-10-26 14:36:26.205 15571-15571/com.serenegiant.usbcameratest8 V/CameraThread: getHandler:
2018-10-26 14:36:26.206 15571-20328/com.serenegiant.usbcameratest8 I/MediaExtractor: Create (null)
2018-10-26 14:36:26.206 15571-20328/com.serenegiant.usbcameratest8 W/MediaExtractor: creating media extractor in calling process
2018-10-26 14:36:26.207 15571-15571/com.serenegiant.usbcameratest8 V/MainActivity: onStart:
2018-10-26 14:36:26.207 15571-15571/com.serenegiant.usbcameratest8 I/USBMonitor: register:
2018-10-26 14:36:26.209 15571-15571/com.serenegiant.usbcameratest8 V/UVCCameraTextureView: onResume:
2018-10-26 14:36:26.209 15571-20328/com.serenegiant.usbcameratest8 W/MediaExtractor: uid 10304.  not using HwExtendedExtractor 
2018-10-26 14:36:26.209 15571-20328/com.serenegiant.usbcameratest8 I/MediaExtractor: content 'application/ogg' with conf 0.20
2018-10-26 14:36:26.210 15571-15571/com.serenegiant.usbcameratest8 D/ActivityThread: add activity client record, r= ActivityRecord{c04abb0 token=android.os.BinderProxy@4127723 {com.serenegiant.usbcameratest8/com.serenegiant.usbcameratest8.MainActivity}} token= android.os.BinderProxy@4127723
2018-10-26 14:36:26.214 15571-15607/com.serenegiant.usbcameratest8 D/OpenGLRenderer:   HWUI Binary is  enabled
2018-10-26 14:36:26.215 15571-20332/com.serenegiant.usbcameratest8 I/OMXClient: Treble IOmx obtained
2018-10-26 14:36:26.219 15571-20332/com.serenegiant.usbcameratest8 I/ACodec: In onAllocateComponent create compenent, codec name: OMX.google.vorbis.decoder
2018-10-26 14:36:26.221 15571-20332/com.serenegiant.usbcameratest8 W/HwExtendedUtils: hw configLocalPlayBack err = -2147483648
2018-10-26 14:36:26.221 15571-20332/com.serenegiant.usbcameratest8 I/HwExtendedCodec: mime is [audio/vorbis] at setAudioFormat
2018-10-26 14:36:26.221 15571-20332/com.serenegiant.usbcameratest8 I/ACodec: onStart
2018-10-26 14:36:26.228 15571-15607/com.serenegiant.usbcameratest8 D/OpenGLRenderer:   HWUI Binary is  enabled
2018-10-26 14:36:26.230 15571-15571/com.serenegiant.usbcameratest8 I/PressGestureDetector: enabledInPad = false,isPcCastMode = false
2018-10-26 14:36:26.255 15571-20332/com.serenegiant.usbcameratest8 W/ACodec: forcing OMX state to Idle when received shutdown in ExecutingState
2018-10-26 14:36:26.260 15571-15607/com.serenegiant.usbcameratest8 D/mali_winsys: EGLint new_window_surface(egl_winsys_display *, void *, EGLSurface, EGLConfig, egl_winsys_surface **, egl_color_buffer_format *, EGLBoolean) returns 0x3000
2018-10-26 14:36:26.262 15571-15571/com.serenegiant.usbcameratest8 W/InputMethodManager: startInputReason = 1
2018-10-26 14:36:26.279 15571-15571/com.serenegiant.usbcameratest8 E/BufferQueueProducer: [] Can not get hwsched service
2018-10-26 14:36:26.280 15571-15571/com.serenegiant.usbcameratest8 V/UVCCameraTextureView: onSurfaceTextureAvailable:android.graphics.SurfaceTexture@827263f
2018-10-26 14:36:26.280 15571-15571/com.serenegiant.usbcameratest8 V/UVCCameraTextureView: RenderThread#getHandler:
2018-10-26 14:36:26.281 15571-20336/com.serenegiant.usbcameratest8 D/UVCCameraTextureView: RenderThread started
2018-10-26 14:36:26.281 15571-20336/com.serenegiant.usbcameratest8 V/UVCCameraTextureView: RenderThread#init:
2018-10-26 14:36:26.281 15571-20336/com.serenegiant.usbcameratest8 I/iGraphics: [0030080c] opt app: 0
2018-10-26 14:36:26.286 15571-20336/com.serenegiant.usbcameratest8 D/EGLBase14: EGLContext created, client version 3
2018-10-26 14:36:26.287 15571-20336/com.serenegiant.usbcameratest8 D/mali_winsys: EGLint new_window_surface(egl_winsys_display *, void *, EGLSurface, EGLConfig, egl_winsys_surface **, egl_color_buffer_format *, EGLBoolean) returns 0x3000
2018-10-26 14:36:27.218 15571-20326/com.serenegiant.usbcameratest8 D/HwRTBlurUtils: check blur style for HwToast-Toast, themeResId : 0x7f0e0000, context : com.serenegiant.usbcameratest8.MainActivity@43b9420, Nhwext : 6, get Blur : disable with , android.graphics.drawable.NinePatchDrawable@acaac55
2018-10-26 14:36:27.224 15571-20326/com.serenegiant.usbcameratest8 D/HwRTBlurUtils: check blur style for HwToast-Toast, themeResId : 0x7f0e0000, context : com.serenegiant.usbcameratest8.MainActivity@43b9420, Nhwext : 6, get Blur : disable with , android.graphics.drawable.NinePatchDrawable@45f6bf8
2018-10-26 14:36:27.230 15571-15607/com.serenegiant.usbcameratest8 D/OpenGLRenderer:   HWUI Binary is  enabled
2018-10-26 14:36:27.242 15571-20326/com.serenegiant.usbcameratest8 W/ViewRootImpl[Toast]: EGLdebug relayoutWindow Surface isSurface(name=null)  (appName =com.serenegiant.usbcameratest8) ( mSurfaceControllerIsValid =false) (mNativeObject  =0)/@0x9dd9e37,viewVisibility is0
2018-10-26 14:36:27.249 15571-20326/com.serenegiant.usbcameratest8 W/ViewRootImpl[Toast]: EGLdebug relayoutWindow Surface isSurface(name=null)  (appName =com.serenegiant.usbcameratest8) ( mSurfaceControllerIsValid =true) (mNativeObject  =d3e10000)/@0x9dd9e37,relayoutResult is7
2018-10-26 14:36:27.250 15571-20326/com.serenegiant.usbcameratest8 W/ViewRootImpl[Toast]: EGLdebug Surface isSurface(name=null)  (appName =com.serenegiant.usbcameratest8) ( mSurfaceControllerIsValid =true) (mNativeObject  =d3e10000)/@0x9dd9e37
2018-10-26 14:36:27.251 15571-15607/com.serenegiant.usbcameratest8 D/mali_winsys: EGLint new_window_surface(egl_winsys_display *, void *, EGLSurface, EGLConfig, egl_winsys_surface **, egl_color_buffer_format *, EGLBoolean) returns 0x3000
2018-10-26 14:36:29.237 15571-15607/com.serenegiant.usbcameratest8 W/libEGL: EGLNativeWindowType 0xd3e10008 disconnect failed
2018-10-26 14:36:29.281 15571-15607/com.serenegiant.usbcameratest8 D/OpenGLRenderer:   HWUI Binary is  enabled
2018-10-26 14:36:29.297 15571-20326/com.serenegiant.usbcameratest8 W/ViewRootImpl[Toast]: EGLdebug relayoutWindow Surface isSurface(name=null)  (appName =com.serenegiant.usbcameratest8) ( mSurfaceControllerIsValid =false) (mNativeObject  =0)/@0x6e3e6d3,viewVisibility is0
2018-10-26 14:36:29.326 15571-20326/com.serenegiant.usbcameratest8 W/ViewRootImpl[Toast]: EGLdebug relayoutWindow Surface isSurface(name=null)  (appName =com.serenegiant.usbcameratest8) ( mSurfaceControllerIsValid =true) (mNativeObject  =d3e10000)/@0x6e3e6d3,relayoutResult is7
2018-10-26 14:36:29.329 15571-20326/com.serenegiant.usbcameratest8 W/ViewRootImpl[Toast]: EGLdebug Surface isSurface(name=null)  (appName =com.serenegiant.usbcameratest8) ( mSurfaceControllerIsValid =true) (mNativeObject  =d3e10000)/@0x6e3e6d3
2018-10-26 14:36:29.332 15571-15607/com.serenegiant.usbcameratest8 D/mali_winsys: EGLint new_window_surface(egl_winsys_display *, void *, EGLSurface, EGLConfig, egl_winsys_surface **, egl_color_buffer_format *, EGLBoolean) returns 0x3000
2018-10-26 14:36:31.274 15571-15607/com.serenegiant.usbcameratest8 W/libEGL: EGLNativeWindowType 0xd3e10008 disconnect failed
2018-10-26 14:36:38.967 15571-15571/com.serenegiant.usbcameratest8 V/AudioManager: playSoundEffect   effectType: 0
2018-10-26 14:36:39.090 15571-15571/com.serenegiant.usbcameratest8 D/CubicBezierInterpolator: CubicBezierInterpolator  mControlPoint1x = 0.23, mControlPoint1y = 0.06, mControlPoint2x = 0.09, mControlPoint2y = 0.97
2018-10-26 14:36:39.090 15571-15571/com.serenegiant.usbcameratest8 D/CubicBezierInterpolator: CubicBezierInterpolator  mControlPoint1x = 0.6, mControlPoint1y = 0.9, mControlPoint2x = 0.8, mControlPoint2y = 1.0
2018-10-26 14:36:39.091 15571-15571/com.serenegiant.usbcameratest8 D/CubicBezierInterpolator: CubicBezierInterpolator  mControlPoint1x = 0.23, mControlPoint1y = 0.06, mControlPoint2x = 0.09, mControlPoint2y = 0.97
2018-10-26 14:36:39.091 15571-15571/com.serenegiant.usbcameratest8 D/CubicBezierInterpolator: CubicBezierInterpolator  mControlPoint1x = 0.6, mControlPoint1y = 0.9, mControlPoint2x = 0.8, mControlPoint2y = 1.0
2018-10-26 14:36:39.105 15571-15571/com.serenegiant.usbcameratest8 D/HwRTBlurUtils: check blur style for HwPhoneWindow, themeResId : 0x010303d9, context : android.view.ContextThemeWrapper@8168417, Nhwext : 0, get Blur : disable with , null
2018-10-26 14:36:39.118 15571-15607/com.serenegiant.usbcameratest8 D/OpenGLRenderer:   HWUI Binary is  enabled
2018-10-26 14:36:39.130 15571-15571/com.serenegiant.usbcameratest8 I/DeviceFilter: vendorId=0xffffffff,productId=0xffffffff,class=0xef,subclass=0x02,protocol=0xffffffff
2018-10-26 14:36:39.133 15571-15607/com.serenegiant.usbcameratest8 D/OpenGLRenderer:   HWUI Binary is  enabled
2018-10-26 14:36:39.136 15571-15571/com.serenegiant.usbcameratest8 I/PressGestureDetector: enabledInPad = false,isPcCastMode = false
2018-10-26 14:36:39.176 15571-15607/com.serenegiant.usbcameratest8 D/mali_winsys: EGLint new_window_surface(egl_winsys_display *, void *, EGLSurface, EGLConfig, egl_winsys_surface **, egl_color_buffer_format *, EGLBoolean) returns 0x3000
2018-10-26 14:36:41.697 15571-15571/com.serenegiant.usbcameratest8 V/AudioManager: playSoundEffect   effectType: 0
2018-10-26 14:36:41.774 15571-15571/com.serenegiant.usbcameratest8 V/MainActivity: onDialogResult:canceled=false
2018-10-26 14:36:41.779 15571-15607/com.serenegiant.usbcameratest8 W/libEGL: EGLNativeWindowType 0xc37e4008 disconnect failed
2018-10-26 14:36:41.803 15571-15571/com.serenegiant.usbcameratest8 V/InputMethodManager: Reporting focus gain, without startInput
2018-10-26 14:36:42.786 15571-15571/com.serenegiant.usbcameratest8 V/InputMethodManager: Reporting focus gain, without startInput
2018-10-26 14:36:42.926 15571-20326/com.serenegiant.usbcameratest8 V/USBMonitor: processConnect:device=UsbDevice[mName=/dev/bus/usb/001/005,mVendorId=1443,mProductId=37424,mClass=239,mSubclass=2,mProtocol=1,mManufacturerName=HD Camera Manufacturer,mProductName=USB 2.0 Camera,mVersion=2.0,mSerialNumber=null,mConfigurations=[
    UsbConfiguration[mId=1,mName=null,mAttributes=128,mMaxPower=250,mInterfaces=[
    UsbInterface[mId=0,mAlternateSetting=0,mName=HD USB Camera,mClass=14,mSubclass=1,mProtocol=0,mEndpoints=[
    UsbEndpoint[mAddress=131,mAttributes=3,mMaxPacketSize=16,mInterval=6]]
    UsbInterface[mId=1,mAlternateSetting=0,mName=HD USB Camera,mClass=14,mSubclass=2,mProtocol=0,mEndpoints=[]
    UsbInterface[mId=1,mAlternateSetting=1,mName=null,mClass=14,mSubclass=2,mProtocol=0,mEndpoints=[
    UsbEndpoint[mAddress=129,mAttributes=5,mMaxPacketSize=128,mInterval=1]]
    UsbInterface[mId=1,mAlternateSetting=2,mName=null,mClass=14,mSubclass=2,mProtocol=0,mEndpoints=[
    UsbEndpoint[mAddress=129,mAttributes=5,mMaxPacketSize=256,mInterval=1]]
    UsbInterface[mId=1,mAlternateSetting=3,mName=null,mClass=14,mSubclass=2,mProtocol=0,mEndpoints=[
    UsbEndpoint[mAddress=129,mAttributes=5,mMaxPacketSize=800,mInterval=1]]
    UsbInterface[mId=1,mAlternateSetting=4,mName=null,mClass=14,mSubclass=2,mProtocol=0,mEndpoints=[
    UsbEndpoint[mAddress=129,mAttributes=5,mMaxPacketSize=2848,mInterval=1]]
    UsbInterface[mId=1,mAlternateSetting=5,mName=null,mClass=14,mSubclass=2,mProtocol=0,mEndpoints=[
    UsbEndpoint[mAddress=129,mAttributes=5,mMaxPacketSize=4896,mInterval=1]]
    UsbInterface[mId=1,mAlternateSetting=6,mName=null,mClass=14,mSubclass=2,mProtocol=0,mEndpoints=[
    UsbEndpoint[mAddress=129,mAttributes=5,mMaxPacketSize=5120,mInterval=1]]]]
2018-10-26 14:36:42.927 15571-20326/com.serenegiant.usbcameratest8 I/USBMonitor: UsbControlBlock:constructor
2018-10-26 14:36:42.933 15571-20326/com.serenegiant.usbcameratest8 I/usbhost: usb_device_new /dev/bus/usb/001/005 fd: 104
2018-10-26 14:36:42.933 15571-20326/com.serenegiant.usbcameratest8 I/usbhost: usb_device_new read returned 733 errno 11
2018-10-26 14:36:42.934 15571-20326/com.serenegiant.usbcameratest8 I/usbhost: usb_device_new /dev/bus/usb/001/005 fd: 107
2018-10-26 14:36:42.934 15571-20326/com.serenegiant.usbcameratest8 I/usbhost: usb_device_new read returned 733 errno 88
2018-10-26 14:36:42.938 15571-20326/com.serenegiant.usbcameratest8 D/UsbDeviceConnectionJNI: close
2018-10-26 14:36:42.939 15571-20326/com.serenegiant.usbcameratest8 I/USBMonitor: name=/dev/bus/usb/001/005,desc=104,busnum=1,devnum=5,rawDesc=[B@4eb99a5
2018-10-26 14:36:42.939 15571-20326/com.serenegiant.usbcameratest8 V/MainActivity: onConnect:
2018-10-26 14:36:42.939 15571-20326/com.serenegiant.usbcameratest8 V/UVCCameraTextureView: getPreviewTexture:
2018-10-26 14:36:42.939 15571-20329/com.serenegiant.usbcameratest8 V/CameraThread: handleOpen:
2018-10-26 14:36:42.939 15571-20329/com.serenegiant.usbcameratest8 V/CameraThread: handleClose:
2018-10-26 14:36:42.939 15571-20329/com.serenegiant.usbcameratest8 V/CameraThread: handleStopRecording:mMuxer=null
2018-10-26 14:36:42.939 15571-20336/com.serenegiant.usbcameratest8 I/UVCCameraTextureView: RenderThread#updatePreviewSurface:
2018-10-26 14:36:42.939 15571-20329/com.serenegiant.usbcameratest8 V/UVCCameraTextureView: setVideoEncoder:
2018-10-26 14:36:42.940 15571-20336/com.serenegiant.usbcameratest8 V/UVCCameraTextureView: updatePreviewSurface:tex_id=1
2018-10-26 14:36:42.940 15571-20336/com.serenegiant.usbcameratest8 E/BufferQueueProducer: [] Can not get hwsched service
2018-10-26 14:36:42.941 15571-20336/com.serenegiant.usbcameratest8 V/UVCCameraTextureView: RenderThread#setEncoder:encoder=null
2018-10-26 14:36:42.957 15571-20329/com.serenegiant.usbcameratest8 I/libUVCCamera: [20329*serenegiant_usb_UVCCamera.cpp:122:nativeCreate]:[nativeCreate-122] begin
2018-10-26 14:36:42.958 15571-20329/com.serenegiant.usbcameratest8 I/UVCCamera: [20329*UVCCamera.cpp:69:UVCCamera]:[UVCCamera-69] begin
2018-10-26 14:36:42.958 15571-20329/com.serenegiant.usbcameratest8 I/UVCCamera: [20329*UVCCamera.cpp:71:UVCCamera]:[UVCCamera-71] end
2018-10-26 14:36:42.958 15571-20329/com.serenegiant.usbcameratest8 I/libUVCCamera: [20329*serenegiant_usb_UVCCamera.cpp:125:nativeCreate]:[nativeCreate-125] return (-1028876928)
2018-10-26 14:36:42.958 15571-20329/com.serenegiant.usbcameratest8 I/usbhost: usb_device_new /dev/bus/usb/001/005 fd: 107
2018-10-26 14:36:42.958 15571-20329/com.serenegiant.usbcameratest8 I/usbhost: usb_device_new read returned 733 errno 88
2018-10-26 14:36:42.959 15571-20329/com.serenegiant.usbcameratest8 I/usbhost: usb_device_new /dev/bus/usb/001/005 fd: 110
2018-10-26 14:36:42.959 15571-20329/com.serenegiant.usbcameratest8 I/usbhost: usb_device_new read returned 733 errno 88
2018-10-26 14:36:42.962 15571-20329/com.serenegiant.usbcameratest8 D/UsbDeviceConnectionJNI: close
2018-10-26 14:36:42.962 15571-20329/com.serenegiant.usbcameratest8 I/libUVCCamera: [20329*serenegiant_usb_UVCCamera.cpp:148:nativeConnect]:[nativeConnect-148] begin
2018-10-26 14:36:42.962 15571-20329/com.serenegiant.usbcameratest8 I/UVCCamera: [20329*UVCCamera.cpp:138:connect]:[connect-138] begin
2018-10-26 14:36:42.962 15571-20329/com.serenegiant.usbcameratest8 I/libusb/core: [20329*core.c:2040:libusb_init2]:[libusb_init2-2040] begin
2018-10-26 14:36:42.962 15571-20329/com.serenegiant.usbcameratest8 I/libusb/core: [20329*core.c:2085:libusb_init2]:libusb v1.0.19.10903
2018-10-26 14:36:42.962 15571-20329/com.serenegiant.usbcameratest8 I/libusb/usbfs: [20329*android_usbfs.c:425:op_init2]:[op_init2-425] begin
2018-10-26 14:36:42.962 15571-20329/com.serenegiant.usbcameratest8 I/libusb/usbfs: [20329*android_usbfs.c:504:op_init2]:start up hotplug event handler
2018-10-26 14:36:42.962 15571-20329/com.serenegiant.usbcameratest8 I/libusb/usbfs: [20329*android_usbfs.c:635:android_start_event_monitor]:[android_start_event_monitor-635] begin
2018-10-26 14:36:42.962 15571-20329/com.serenegiant.usbcameratest8 I/libusb/usbfs: [20329*android_usbfs.c:638:android_start_event_monitor]:[android_start_event_monitor-638] return (0)
2018-10-26 14:36:42.962 15571-20329/com.serenegiant.usbcameratest8 I/libusb/usbfs: [20329*android_usbfs.c:512:op_init2]:call android_scan_devices
2018-10-26 14:36:42.962 15571-20329/com.serenegiant.usbcameratest8 I/libusb/usbfs: [20329*android_usbfs.c:662:android_scan_devices]:[android_scan_devices-662] begin
2018-10-26 14:36:42.962 15571-20329/com.serenegiant.usbcameratest8 I/libusb/usbfs: [20329*android_usbfs.c:678:android_scan_devices]:[android_scan_devices-678] return (0)
2018-10-26 14:36:42.962 15571-20329/com.serenegiant.usbcameratest8 I/libusb/usbfs: [20329*android_usbfs.c:524:op_init2]:[op_init2-524] return (0)
2018-10-26 14:36:42.962 15571-20329/com.serenegiant.usbcameratest8 I/libusb/core: [20329*core.c:2138:libusb_init2]:[libusb_init2-2138] return (0)
2018-10-26 14:36:42.962 15571-20329/com.serenegiant.usbcameratest8 I/libuvc/device: [20329*device.c:226:uvc_get_device_with_fd]:[uvc_get_device_with_fd-226] begin
2018-10-26 14:36:42.962 15571-20329/com.serenegiant.usbcameratest8 I/libusb/core: [20329*core.c:1252:libusb_get_device_with_fd]:[libusb_get_device_with_fd-1252] begin
2018-10-26 14:36:42.962 15571-20329/com.serenegiant.usbcameratest8 I/libusb/usbfs: [20329*android_usbfs.c:1380:android_generate_device]:[android_generate_device-1380] begin
2018-10-26 14:36:42.962 15571-20329/com.serenegiant.usbcameratest8 I/libusb/usbfs: [20329*android_usbfs.c:1298:android_initialize_device]:[android_initialize_device-1298] begin
2018-10-26 14:36:42.963 15571-20329/com.serenegiant.usbcameratest8 I/libusb/usbfs: [20329*android_usbfs.c:1374:android_initialize_device]:[android_initialize_device-1374] return (0)
2018-10-26 14:36:42.963 15571-20329/com.serenegiant.usbcameratest8 I/libusb/usbfs: [20329*android_usbfs.c:1415:android_generate_device]:[android_generate_device-1415] return (0)
2018-10-26 14:36:42.963 15571-20329/com.serenegiant.usbcameratest8 I/libuvc/device: [20329*device.c:792:uvc_ref_device]:[device.c:792] begin uvc_ref_device
2018-10-26 14:36:42.963 15571-20329/com.serenegiant.usbcameratest8 I/libuvc/device: [20329*device.c:238:uvc_get_device_with_fd]:[device.c:238] end uvc_get_device_with_fd (0)
2018-10-26 14:36:42.963 15571-20329/com.serenegiant.usbcameratest8 I/libuvc/device: [20329*device.c:239:uvc_get_device_with_fd]:[uvc_get_device_with_fd-239] return (0)
2018-10-26 14:36:42.963 15571-20329/com.serenegiant.usbcameratest8 I/libuvc/device: [20329*device.c:275:uvc_open]:[device.c:275] begin uvc_open
2018-10-26 14:36:42.963 15571-20329/com.serenegiant.usbcameratest8 I/libuvc/device: [20329*device.c:792:uvc_ref_device]:[device.c:792] begin uvc_ref_device
2018-10-26 14:36:42.963 15571-20329/com.serenegiant.usbcameratest8 I/libuvc/device: [20329*device.c:374:uvc_get_device_info]:[device.c:374] begin uvc_get_device_info
2018-10-26 14:36:42.963 15571-20329/com.serenegiant.usbcameratest8 I/libUVCCamera: [20329*descriptor.c:959:libusb_get_config_descriptor]:[libusb_get_config_descriptor]-[959] index 0
2018-10-26 14:36:42.963 15571-20329/com.serenegiant.usbcameratest8 I/libUVCCamera: [20329*descriptor.c:965:libusb_get_config_descriptor]:[libusb_get_config_descriptor]-[965] r 9
2018-10-26 14:36:42.963 15571-20329/com.serenegiant.usbcameratest8 I/libUVCCamera: [20329*descriptor.c:984:libusb_get_config_descriptor]:[libusb_get_config_descriptor]-[984] r 715
2018-10-26 14:36:42.963 15571-20329/com.serenegiant.usbcameratest8 I/libUVCCamera: [20329*descriptor.c:800:raw_desc_to_config]:[raw_desc_to_config-800] begin
2018-10-26 14:36:42.963 15571-20329/com.serenegiant.usbcameratest8 I/libUVCCamera: [20329*descriptor.c:539:parse_configuration]:[parse_configuration-539] begin
2018-10-26 14:36:42.963 15571-20329/com.serenegiant.usbcameratest8 I/libUVCCamera: [20329*descriptor.c:398:parse_association]:[parse_association-398] begin
2018-10-26 14:36:42.963 15571-20329/com.serenegiant.usbcameratest8 I/libUVCCamera: [20329*descriptor.c:463:parse_association]:[parse_association-463] buffer : 	
2018-10-26 14:36:42.963 15571-20329/com.serenegiant.usbcameratest8 I/libUVCCamera: [20329*descriptor.c:491:parse_association]:[parse_association-491] return (8)
2018-10-26 14:36:42.963 15571-20329/com.serenegiant.usbcameratest8 I/libUVCCamera: [20329*descriptor.c:640:parse_configuration]:[parse_configuration-640] r (8)
2018-10-26 14:36:42.963 15571-20329/com.serenegiant.usbcameratest8 I/libUVCCamera: [20329*descriptor.c:233:parse_interface]:[parse_interface-233] begin
2018-10-26 14:36:42.963 15571-20329/com.serenegiant.usbcameratest8 I/libUVCCamera: [20329*descriptor.c:298:parse_interface]:[parse_interface-298] size: 689
2018-10-26 14:36:42.963 15571-20329/com.serenegiant.usbcameratest8 I/libUVCCamera: [20329*descriptor.c:317:parse_interface]:[parse_interface-317] size: 689
2018-10-26 14:36:42.963 15571-20329/com.serenegiant.usbcameratest8 I/libUVCCamera: [20329*descriptor.c:317:parse_interface]:[parse_interface-317] size: 676
2018-10-26 14:36:42.963 15571-20329/com.serenegiant.usbcameratest8 I/libUVCCamera: [20329*descriptor.c:317:parse_interface]:[parse_interface-317] size: 667
2018-10-26 14:36:42.963 15571-20329/com.serenegiant.usbcameratest8 I/libUVCCamera: [20329*descriptor.c:317:parse_interface]:[parse_interface-317] size: 641
2018-10-26 14:36:42.963 15571-20329/com.serenegiant.usbcameratest8 I/libUVCCamera: [20329*descriptor.c:317:parse_interface]:[parse_interface-317] size: 623
2018-10-26 14:36:42.963 15571-20329/com.serenegiant.usbcameratest8 I/libUVCCamera: [20329*descriptor.c:317:parse_interface]:[parse_interface-317] size: 612
2018-10-26 14:36:42.963 15571-20329/com.serenegiant.usbcameratest8 I/libUVCCamera: [20329*descriptor.c:120:parse_endpoint]:[parse_endpoint-120] begin
2018-10-26 14:36:42.963 15571-20329/com.serenegiant.usbcameratest8 I/libUVCCamera: [20329*descriptor.c:201:parse_endpoint]:[parse_endpoint-201] return (12)
2018-10-26 14:36:42.963 15571-20329/com.serenegiant.usbcameratest8 I/libUVCCamera: [20329*descriptor.c:358:parse_interface]:[parse_interface-358] r: 12
2018-10-26 14:36:42.963 15571-20329/com.serenegiant.usbcameratest8 I/libUVCCamera: [20329*descriptor.c:377:parse_interface]:[parse_interface-377] return (98)
2018-10-26 14:36:42.963 15571-20329/com.serenegiant.usbcameratest8 I/libUVCCamera: [20329*descriptor.c:648:parse_configuration]:[parse_configuration-648] r (98)
2018-10-26 14:36:42.963 15571-20329/com.serenegiant.usbcameratest8 I/libUVCCamera: [20329*descriptor.c:233:parse_interface]:[parse_interface-233] begin
2018-10-26 14:36:42.963 15571-20329/com.serenegiant.usbcameratest8 I/libUVCCamera: [20329*descriptor.c:298:parse_interface]:[parse_interface-298] size: 591
2018-10-26 14:36:42.964 15571-20329/com.serenegiant.usbcameratest8 I/libUVCCamera: [20329*descriptor.c:317:parse_interface]:[parse_interface-317] size: 591
2018-10-26 14:36:42.964 15571-20329/com.serenegiant.usbcameratest8 I/libUVCCamera: [20329*descriptor.c:317:parse_interface]:[parse_interface-317] size: 576
2018-10-26 14:36:42.964 15571-20329/com.serenegiant.usbcameratest8 I/libUVCCamera: [20329*descriptor.c:317:parse_interface]:[parse_interface-317] size: 565
2018-10-26 14:36:42.964 15571-20329/com.serenegiant.usbcameratest8 I/libUVCCamera: [20329*descriptor.c:317:parse_interface]:[parse_interface-317] size: 535
2018-10-26 14:36:42.964 15571-20329/com.serenegiant.usbcameratest8 I/libUVCCamera: [20329*descriptor.c:317:parse_interface]:[parse_interface-317] size: 505
2018-10-26 14:36:42.964 15571-20329/com.serenegiant.usbcameratest8 I/libUVCCamera: [20329*descriptor.c:317:parse_interface]:[parse_interface-317] size: 475
2018-10-26 14:36:42.964 15571-20329/com.serenegiant.usbcameratest8 I/libUVCCamera: [20329*descriptor.c:317:parse_interface]:[parse_interface-317] size: 445
2018-10-26 14:36:42.964 15571-20329/com.serenegiant.usbcameratest8 I/libUVCCamera: [20329*descriptor.c:317:parse_interface]:[parse_interface-317] size: 415
2018-10-26 14:36:42.964 15571-20329/com.serenegiant.usbcameratest8 I/libUVCCamera: [20329*descriptor.c:317:parse_interface]:[parse_interface-317] size: 385
2018-10-26 14:36:42.964 15571-20329/com.serenegiant.usbcameratest8 I/libUVCCamera: [20329*descriptor.c:317:parse_interface]:[parse_interface-317] size: 355
2018-10-26 14:36:42.964 15571-20329/com.serenegiant.usbcameratest8 I/libUVCCamera: [20329*descriptor.c:317:parse_interface]:[parse_interface-317] size: 349
2018-10-26 14:36:42.964 15571-20329/com.serenegiant.usbcameratest8 I/libUVCCamera: [20329*descriptor.c:317:parse_interface]:[parse_interface-317] size: 322
2018-10-26 14:36:42.964 15571-20329/com.serenegiant.usbcameratest8 I/libUVCCamera: [20329*descriptor.c:317:parse_interface]:[parse_interface-317] size: 292
2018-10-26 14:36:42.964 15571-20329/com.serenegiant.usbcameratest8 I/libUVCCamera: [20329*descriptor.c:317:parse_interface]:[parse_interface-317] size: 262
2018-10-26 14:36:42.964 15571-20329/com.serenegiant.usbcameratest8 I/libUVCCamera: [20329*descriptor.c:317:parse_interface]:[parse_interface-317] size: 232
2018-10-26 14:36:42.964 15571-20329/com.serenegiant.usbcameratest8 I/libUVCCamera: [20329*descriptor.c:317:parse_interface]:[parse_interface-317] size: 202
2018-10-26 14:36:42.964 15571-20329/com.serenegiant.usbcameratest8 I/libUVCCamera: [20329*descriptor.c:317:parse_interface]:[parse_interface-317] size: 172
2018-10-26 14:36:42.964 15571-20329/com.serenegiant.usbcameratest8 I/libUVCCamera: [20329*descriptor.c:317:parse_interface]:[parse_interface-317] size: 142
2018-10-26 14:36:42.964 15571-20329/com.serenegiant.usbcameratest8 I/libUVCCamera: [20329*descriptor.c:317:parse_interface]:[parse_interface-317] size: 112
2018-10-26 14:36:42.964 15571-20329/com.serenegiant.usbcameratest8 I/libUVCCamera: [20329*descriptor.c:317:parse_interface]:[parse_interface-317] size: 102
2018-10-26 14:36:42.964 15571-20329/com.serenegiant.usbcameratest8 I/libUVCCamera: [20329*descriptor.c:317:parse_interface]:[parse_interface-317] size: 96
2018-10-26 14:36:42.964 15571-20329/com.serenegiant.usbcameratest8 I/libUVCCamera: [20329*descriptor.c:298:parse_interface]:[parse_interface-298] size: 87
2018-10-26 14:36:42.964 15571-20329/com.serenegiant.usbcameratest8 I/libUVCCamera: [20329*descriptor.c:317:parse_interface]:[parse_interface-317] size: 87
2018-10-26 14:36:42.964 15571-20329/com.serenegiant.usbcameratest8 I/libUVCCamera: [20329*descriptor.c:120:parse_endpoint]:[parse_endpoint-120] begin
2018-10-26 14:36:42.964 15571-20329/com.serenegiant.usbcameratest8 I/libUVCCamera: [20329*descriptor.c:189:parse_endpoint]:[parse_endpoint-189] return (7)
2018-10-26 14:36:42.964 15571-20329/com.serenegiant.usbcameratest8 I/libUVCCamera: [20329*descriptor.c:358:parse_interface]:[parse_interface-358] r: 7
2018-10-26 14:36:42.964 15571-20329/com.serenegiant.usbcameratest8 I/libUVCCamera: [20329*descriptor.c:298:parse_interface]:[parse_interface-298] size: 71
2018-10-26 14:36:42.964 15571-20329/com.serenegiant.usbcameratest8 I/libUVCCamera: [20329*descriptor.c:317:parse_interface]:[parse_interface-317] size: 71
2018-10-26 14:36:42.964 15571-20329/com.serenegiant.usbcameratest8 I/libUVCCamera: [20329*descriptor.c:120:parse_endpoint]:[parse_endpoint-120] begin
2018-10-26 14:36:42.964 15571-20329/com.serenegiant.usbcameratest8 I/libUVCCamera: [20329*descriptor.c:189:parse_endpoint]:[parse_endpoint-189] return (7)
2018-10-26 14:36:42.964 15571-20329/com.serenegiant.usbcameratest8 I/libUVCCamera: [20329*descriptor.c:358:parse_interface]:[parse_interface-358] r: 7
2018-10-26 14:36:42.964 15571-20329/com.serenegiant.usbcameratest8 I/libUVCCamera: [20329*descriptor.c:298:parse_interface]:[parse_interface-298] size: 55
2018-10-26 14:36:42.964 15571-20329/com.serenegiant.usbcameratest8 I/libUVCCamera: [20329*descriptor.c:317:parse_interface]:[parse_interface-317] size: 55
2018-10-26 14:36:42.964 15571-20329/com.serenegiant.usbcameratest8 I/libUVCCamera: [20329*descriptor.c:120:parse_endpoint]:[parse_endpoint-120] begin
2018-10-26 14:36:42.964 15571-20329/com.serenegiant.usbcameratest8 I/libUVCCamera: [20329*descriptor.c:189:parse_endpoint]:[parse_endpoint-189] return (7)
2018-10-26 14:36:42.964 15571-20329/com.serenegiant.usbcameratest8 I/libUVCCamera: [20329*descriptor.c:358:parse_interface]:[parse_interface-358] r: 7
2018-10-26 14:36:42.964 15571-20329/com.serenegiant.usbcameratest8 I/libUVCCamera: [20329*descriptor.c:298:parse_interface]:[parse_interface-298] size: 39
2018-10-26 14:36:42.964 15571-20329/com.serenegiant.usbcameratest8 I/libUVCCamera: [20329*descriptor.c:317:parse_interface]:[parse_interface-317] size: 39
2018-10-26 14:36:42.964 15571-20329/com.serenegiant.usbcameratest8 I/libUVCCamera: [20329*descriptor.c:120:parse_endpoint]:[parse_endpoint-120] begin
2018-10-26 14:36:42.964 15571-20329/com.serenegiant.usbcameratest8 I/libUVCCamera: [20329*descriptor.c:189:parse_endpoint]:[parse_endpoint-189] return (7)
2018-10-26 14:36:42.964 15571-20329/com.serenegiant.usbcameratest8 I/libUVCCamera: [20329*descriptor.c:358:parse_interface]:[parse_interface-358] r: 7
2018-10-26 14:36:42.964 15571-20329/com.serenegiant.usbcameratest8 I/libUVCCamera: [20329*descriptor.c:298:parse_interface]:[parse_interface-298] size: 23
2018-10-26 14:36:42.964 15571-20329/com.serenegiant.usbcameratest8 I/libUVCCamera: [20329*descriptor.c:317:parse_interface]:[parse_interface-317] size: 23
2018-10-26 14:36:42.964 15571-20329/com.serenegiant.usbcameratest8 I/libUVCCamera: [20329*descriptor.c:120:parse_endpoint]:[parse_endpoint-120] begin
2018-10-26 14:36:42.964 15571-20329/com.serenegiant.usbcameratest8 I/libUVCCamera: [20329*descriptor.c:189:parse_endpoint]:[parse_endpoint-189] return (7)
2018-10-26 14:36:42.964 15571-20329/com.serenegiant.usbcameratest8 I/libUVCCamera: [20329*descriptor.c:358:parse_interface]:[parse_interface-358] r: 7
2018-10-26 14:36:42.964 15571-20329/com.serenegiant.usbcameratest8 I/libUVCCamera: [20329*descriptor.c:298:parse_interface]:[parse_interface-298] size: 7
2018-10-26 14:36:42.964 15571-20329/com.serenegiant.usbcameratest8 I/libUVCCamera: [20329*descriptor.c:317:parse_interface]:[parse_interface-317] size: 7
2018-10-26 14:36:42.964 15571-20329/com.serenegiant.usbcameratest8 I/libUVCCamera: [20329*descriptor.c:120:parse_endpoint]:[parse_endpoint-120] begin
2018-10-26 14:36:42.964 15571-20329/com.serenegiant.usbcameratest8 I/libUVCCamera: [20329*descriptor.c:189:parse_endpoint]:[parse_endpoint-189] return (7)
2018-10-26 14:36:42.964 15571-20329/com.serenegiant.usbcameratest8 I/libUVCCamera: [20329*descriptor.c:358:parse_interface]:[parse_interface-358] r: 7
2018-10-26 14:36:42.964 15571-20329/com.serenegiant.usbcameratest8 I/libUVCCamera: [20329*descriptor.c:377:parse_interface]:[parse_interface-377] return (600)
2018-10-26 14:36:42.964 15571-20329/com.serenegiant.usbcameratest8 I/libUVCCamera: [20329*descriptor.c:648:parse_configuration]:[parse_configuration-648] r (600)
2018-10-26 14:36:42.964 15571-20329/com.serenegiant.usbcameratest8 I/libUVCCamera: [20329*descriptor.c:661:parse_configuration]:[parse_configuration-661] return (0)
2018-10-26 14:36:42.964 15571-20329/com.serenegiant.usbcameratest8 I/libUVCCamera: [20329*descriptor.c:822:raw_desc_to_config]:[raw_desc_to_config-822] return (0)
2018-10-26 14:36:42.964 15571-20329/com.serenegiant.usbcameratest8 I/libUVCCamera: [20329*descriptor.c:988:libusb_get_config_descriptor]:[libusb_get_config_descriptor]-[988] r 0
2018-10-26 14:36:42.964 15571-20329/com.serenegiant.usbcameratest8 I/libuvc/device: [20329*device.c:911:uvc_scan_control]:[device.c:911] begin uvc_scan_control
2018-10-26 14:36:42.964 15571-20329/com.serenegiant.usbcameratest8 I/libuvc/device: [20329*device.c:1149:uvc_parse_vc]:[device.c:1149] begin uvc_parse_vc
2018-10-26 14:36:42.964 15571-20329/com.serenegiant.usbcameratest8 I/libuvc/device: [20329*device.c:982:uvc_parse_vc_header]:[device.c:982] begin uvc_parse_vc_header
2018-10-26 14:36:42.964 15571-20329/com.serenegiant.usbcameratest8 I/libuvc/device: [20329*device.c:1196:uvc_scan_streaming]:[device.c:1196] begin uvc_scan_streaming
2018-10-26 14:36:42.964 15571-20329/com.serenegiant.usbcameratest8 I/libuvc/device: [20329*device.c:1489:uvc_parse_vs]:[device.c:1489] begin uvc_parse_vs
2018-10-26 14:36:42.964 15571-20329/com.serenegiant.usbcameratest8 I/libuvc/device: [20329*device.c:1244:uvc_parse_vs_input_header]:[device.c:1244] begin uvc_parse_vs_input_header
2018-10-26 14:36:42.964 15571-20329/com.serenegiant.usbcameratest8 I/libuvc/device: [20329*device.c:1270:uvc_parse_vs_input_header]:[device.c:1270] end uvc_parse_vs_input_header (0)
2018-10-26 14:36:42.964 15571-20329/com.serenegiant.usbcameratest8 I/libuvc/device: [20329*device.c:1524:uvc_parse_vs]:[device.c:1524] end uvc_parse_vs (0)
2018-10-26 14:36:42.964 15571-20329/com.serenegiant.usbcameratest8 I/libuvc/device: [20329*device.c:1489:uvc_parse_vs]:[device.c:1489] begin uvc_parse_vs
2018-10-26 14:36:42.964 15571-20329/com.serenegiant.usbcameratest8 I/libuvc/device: [20329*device.c:1339:uvc_parse_vs_format_mjpeg]:[device.c:1339] begin uvc_parse_vs_format_mjpeg
2018-10-26 14:36:42.964 15571-20329/com.serenegiant.usbcameratest8 I/libuvc/device: [20329*device.c:1357:uvc_parse_vs_format_mjpeg]:[device.c:1357] end uvc_parse_vs_format_mjpeg (0)
2018-10-26 14:36:42.964 15571-20329/com.serenegiant.usbcameratest8 I/libuvc/device: [20329*device.c:1524:uvc_parse_vs]:[device.c:1524] end uvc_parse_vs (0)
2018-10-26 14:36:42.964 15571-20329/com.serenegiant.usbcameratest8 I/libuvc/device: [20329*device.c:1489:uvc_parse_vs]:[device.c:1489] begin uvc_parse_vs
2018-10-26 14:36:42.964 15571-20329/com.serenegiant.usbcameratest8 I/libuvc/device: [20329*device.c:1429:uvc_parse_vs_frame_uncompressed]:[device.c:1429] begin uvc_parse_vs_frame_uncompressed
2018-10-26 14:36:42.964 15571-20329/com.serenegiant.usbcameratest8 I/libuvc/device: [20329*device.c:1475:uvc_parse_vs_frame_uncompressed]:[device.c:1475] end uvc_parse_vs_frame_uncompressed (0)
2018-10-26 14:36:42.964 15571-20329/com.serenegiant.usbcameratest8 I/libuvc/device: [20329*device.c:1524:uvc_parse_vs]:[device.c:1524] end uvc_parse_vs (0)
2018-10-26 14:36:42.964 15571-20329/com.serenegiant.usbcameratest8 I/libuvc/device: [20329*device.c:1489:uvc_parse_vs]:[device.c:1489] begin uvc_parse_vs
2018-10-26 14:36:42.964 15571-20329/com.serenegiant.usbcameratest8 I/libuvc/device: [20329*device.c:1429:uvc_parse_vs_frame_uncompressed]:[device.c:1429] begin uvc_parse_vs_frame_uncompressed
2018-10-26 14:36:42.964 15571-20329/com.serenegiant.usbcameratest8 I/libuvc/device: [20329*device.c:1475:uvc_parse_vs_frame_uncompressed]:[device.c:1475] end uvc_parse_vs_frame_uncompressed (0)
2018-10-26 14:36:42.964 15571-20329/com.serenegiant.usbcameratest8 I/libuvc/device: [20329*device.c:1524:uvc_parse_vs]:[device.c:1524] end uvc_parse_vs (0)
2018-10-26 14:36:42.964 15571-20329/com.serenegiant.usbcameratest8 I/libuvc/device: [20329*device.c:1489:uvc_parse_vs]:[device.c:1489] begin uvc_parse_vs
2018-10-26 14:36:42.964 15571-20329/com.serenegiant.usbcameratest8 I/libuvc/device: [20329*device.c:1429:uvc_parse_vs_frame_uncompressed]:[device.c:1429] begin uvc_parse_vs_frame_uncompressed
2018-10-26 14:36:42.964 15571-20329/com.serenegiant.usbcameratest8 I/libuvc/device: [20329*device.c:1475:uvc_parse_vs_frame_uncompressed]:[device.c:1475] end uvc_parse_vs_frame_uncompressed (0)
2018-10-26 14:36:42.964 15571-20329/com.serenegiant.usbcameratest8 I/libuvc/device: [20329*device.c:1524:uvc_parse_vs]:[device.c:1524] end uvc_parse_vs (0)
2018-10-26 14:36:42.964 15571-20329/com.serenegiant.usbcameratest8 I/libuvc/device: [20329*device.c:1489:uvc_parse_vs]:[device.c:1489] begin uvc_parse_vs
2018-10-26 14:36:42.964 15571-20329/com.serenegiant.usbcameratest8 I/libuvc/device: [20329*device.c:1429:uvc_parse_vs_frame_uncompressed]:[device.c:1429] begin uvc_parse_vs_frame_uncompressed
2018-10-26 14:36:42.964 15571-20329/com.serenegiant.usbcameratest8 I/libuvc/device: [20329*device.c:1475:uvc_parse_vs_frame_uncompressed]:[device.c:1475] end uvc_parse_vs_frame_uncompressed (0)
2018-10-26 14:36:42.964 15571-20329/com.serenegiant.usbcameratest8 I/libuvc/device: [20329*device.c:1524:uvc_parse_vs]:[device.c:1524] end uvc_parse_vs (0)
2018-10-26 14:36:42.964 15571-20329/com.serenegiant.usbcameratest8 I/libuvc/device: [20329*device.c:1489:uvc_parse_vs]:[device.c:1489] begin uvc_parse_vs
2018-10-26 14:36:42.964 15571-20329/com.serenegiant.usbcameratest8 I/libuvc/device: [20329*device.c:1429:uvc_parse_vs_frame_uncompressed]:[device.c:1429] begin uvc_parse_vs_frame_uncompressed
2018-10-26 14:36:42.964 15571-20329/com.serenegiant.usbcameratest8 I/libuvc/device: [20329*device.c:1475:uvc_parse_vs_frame_uncompressed]:[device.c:1475] end uvc_parse_vs_frame_uncompressed (0)
2018-10-26 14:36:42.964 15571-20329/com.serenegiant.usbcameratest8 I/libuvc/device: [20329*device.c:1524:uvc_parse_vs]:[device.c:1524] end uvc_parse_vs (0)
2018-10-26 14:36:42.964 15571-20329/com.serenegiant.usbcameratest8 I/libuvc/device: [20329*device.c:1489:uvc_parse_vs]:[device.c:1489] begin uvc_parse_vs
2018-10-26 14:36:42.964 15571-20329/com.serenegiant.usbcameratest8 I/libuvc/device: [20329*device.c:1429:uvc_parse_vs_frame_uncompressed]:[device.c:1429] begin uvc_parse_vs_frame_uncompressed
2018-10-26 14:36:42.964 15571-20329/com.serenegiant.usbcameratest8 I/libuvc/device: [20329*device.c:1475:uvc_parse_vs_frame_uncompressed]:[device.c:1475] end uvc_parse_vs_frame_uncompressed (0)
2018-10-26 14:36:42.964 15571-20329/com.serenegiant.usbcameratest8 I/libuvc/device: [20329*device.c:1524:uvc_parse_vs]:[device.c:1524] end uvc_parse_vs (0)
2018-10-26 14:36:42.964 15571-20329/com.serenegiant.usbcameratest8 I/libuvc/device: [20329*device.c:1489:uvc_parse_vs]:[device.c:1489] begin uvc_parse_vs
2018-10-26 14:36:42.964 15571-20329/com.serenegiant.usbcameratest8 I/libuvc/device: [20329*device.c:1429:uvc_parse_vs_frame_uncompressed]:[device.c:1429] begin uvc_parse_vs_frame_uncompressed
2018-10-26 14:36:42.964 15571-20329/com.serenegiant.usbcameratest8 I/libuvc/device: [20329*device.c:1475:uvc_parse_vs_frame_uncompressed]:[device.c:1475] end uvc_parse_vs_frame_uncompressed (0)
2018-10-26 14:36:42.964 15571-20329/com.serenegiant.usbcameratest8 I/libuvc/device: [20329*device.c:1524:uvc_parse_vs]:[device.c:1524] end uvc_parse_vs (0)
2018-10-26 14:36:42.964 15571-20329/com.serenegiant.usbcameratest8 I/libuvc/device: [20329*device.c:1489:uvc_parse_vs]:[device.c:1489] begin uvc_parse_vs
2018-10-26 14:36:42.964 15571-20329/com.serenegiant.usbcameratest8 I/libuvc/device: [20329*device.c:1524:uvc_parse_vs]:[device.c:1524] end uvc_parse_vs (0)
2018-10-26 14:36:42.964 15571-20329/com.serenegiant.usbcameratest8 I/libuvc/device: [20329*device.c:1489:uvc_parse_vs]:[device.c:1489] begin uvc_parse_vs
2018-10-26 14:36:42.964 15571-20329/com.serenegiant.usbcameratest8 I/libuvc/device: [20329*device.c:1281:uvc_parse_vs_format_uncompressed]:[device.c:1281] begin uvc_parse_vs_format_uncompressed
2018-10-26 14:36:42.964 15571-20329/com.serenegiant.usbcameratest8 I/libuvc/device: [20329*device.c:1300:uvc_parse_vs_format_uncompressed]:[device.c:1300] end uvc_parse_vs_format_uncompressed (0)
2018-10-26 14:36:42.964 15571-20329/com.serenegiant.usbcameratest8 I/libuvc/device: [20329*device.c:1524:uvc_parse_vs]:[device.c:1524] end uvc_parse_vs (0)
2018-10-26 14:36:42.964 15571-20329/com.serenegiant.usbcameratest8 I/libuvc/device: [20329*device.c:1489:uvc_parse_vs]:[device.c:1489] begin uvc_parse_vs
2018-10-26 14:36:42.964 15571-20329/com.serenegiant.usbcameratest8 I/libuvc/device: [20329*device.c:1429:uvc_parse_vs_frame_uncompressed]:[device.c:1429] begin uvc_parse_vs_frame_uncompressed
2018-10-26 14:36:42.964 15571-20329/com.serenegiant.usbcameratest8 I/libuvc/device: [20329*device.c:1475:uvc_parse_vs_frame_uncompressed]:[device.c:1475] end uvc_parse_vs_frame_uncompressed (0)
2018-10-26 14:36:42.964 15571-20329/com.serenegiant.usbcameratest8 I/libuvc/device: [20329*device.c:1524:uvc_parse_vs]:[device.c:1524] end uvc_parse_vs (0)
2018-10-26 14:36:42.964 15571-20329/com.serenegiant.usbcameratest8 I/libuvc/device: [20329*device.c:1489:uvc_parse_vs]:[device.c:1489] begin uvc_parse_vs
2018-10-26 14:36:42.964 15571-20329/com.serenegiant.usbcameratest8 I/libuvc/device: [20329*device.c:1429:uvc_parse_vs_frame_uncompressed]:[device.c:1429] begin uvc_parse_vs_frame_uncompressed
2018-10-26 14:36:42.964 15571-20329/com.serenegiant.usbcameratest8 I/libuvc/device: [20329*device.c:1475:uvc_parse_vs_frame_uncompressed]:[device.c:1475] end uvc_parse_vs_frame_uncompressed (0)
2018-10-26 14:36:42.964 15571-20329/com.serenegiant.usbcameratest8 I/libuvc/device: [20329*device.c:1524:uvc_parse_vs]:[device.c:1524] end uvc_parse_vs (0)
2018-10-26 14:36:42.964 15571-20329/com.serenegiant.usbcameratest8 I/libuvc/device: [20329*device.c:1489:uvc_parse_vs]:[device.c:1489] begin uvc_parse_vs
2018-10-26 14:36:42.964 15571-20329/com.serenegiant.usbcameratest8 I/libuvc/device: [20329*device.c:1429:uvc_parse_vs_frame_uncompressed]:[device.c:1429] begin uvc_parse_vs_frame_uncompressed
2018-10-26 14:36:42.964 15571-20329/com.serenegiant.usbcameratest8 I/libuvc/device: [20329*device.c:1475:uvc_parse_vs_frame_uncompressed]:[device.c:1475] end uvc_parse_vs_frame_uncompressed (0)
2018-10-26 14:36:42.964 15571-20329/com.serenegiant.usbcameratest8 I/libuvc/device: [20329*device.c:1524:uvc_parse_vs]:[device.c:1524] end uvc_parse_vs (0)
2018-10-26 14:36:42.964 15571-20329/com.serenegiant.usbcameratest8 I/libuvc/device: [20329*device.c:1489:uvc_parse_vs]:[device.c:1489] begin uvc_parse_vs
2018-10-26 14:36:42.964 15571-20329/com.serenegiant.usbcameratest8 I/libuvc/device: [20329*device.c:1429:uvc_parse_vs_frame_uncompressed]:[device.c:1429] begin uvc_parse_vs_frame_uncompressed
2018-10-26 14:36:42.964 15571-20329/com.serenegiant.usbcameratest8 I/libuvc/device: [20329*device.c:1475:uvc_parse_vs_frame_uncompressed]:[device.c:1475] end uvc_parse_vs_frame_uncompressed (0)
2018-10-26 14:36:42.964 15571-20329/com.serenegiant.usbcameratest8 I/libuvc/device: [20329*device.c:1524:uvc_parse_vs]:[device.c:1524] end uvc_parse_vs (0)
2018-10-26 14:36:42.964 15571-20329/com.serenegiant.usbcameratest8 I/libuvc/device: [20329*device.c:1489:uvc_parse_vs]:[device.c:1489] begin uvc_parse_vs
2018-10-26 14:36:42.964 15571-20329/com.serenegiant.usbcameratest8 I/libuvc/device: [20329*device.c:1429:uvc_parse_vs_frame_uncompressed]:[device.c:1429] begin uvc_parse_vs_frame_uncompressed
2018-10-26 14:36:42.964 15571-20329/com.serenegiant.usbcameratest8 I/libuvc/device: [20329*device.c:1475:uvc_parse_vs_frame_uncompressed]:[device.c:1475] end uvc_parse_vs_frame_uncompressed (0)
2018-10-26 14:36:42.964 15571-20329/com.serenegiant.usbcameratest8 I/libuvc/device: [20329*device.c:1524:uvc_parse_vs]:[device.c:1524] end uvc_parse_vs (0)
2018-10-26 14:36:42.964 15571-20329/com.serenegiant.usbcameratest8 I/libuvc/device: [20329*device.c:1489:uvc_parse_vs]:[device.c:1489] begin uvc_parse_vs
2018-10-26 14:36:42.964 15571-20329/com.serenegiant.usbcameratest8 I/libuvc/device: [20329*device.c:1429:uvc_parse_vs_frame_uncompressed]:[device.c:1429] begin uvc_parse_vs_frame_uncompressed
2018-10-26 14:36:42.964 15571-20329/com.serenegiant.usbcameratest8 I/libuvc/device: [20329*device.c:1475:uvc_parse_vs_frame_uncompressed]:[device.c:1475] end uvc_parse_vs_frame_uncompressed (0)
2018-10-26 14:36:42.964 15571-20329/com.serenegiant.usbcameratest8 I/libuvc/device: [20329*device.c:1524:uvc_parse_vs]:[device.c:1524] end uvc_parse_vs (0)
2018-10-26 14:36:42.964 15571-20329/com.serenegiant.usbcameratest8 I/libuvc/device: [20329*device.c:1489:uvc_parse_vs]:[device.c:1489] begin uvc_parse_vs
2018-10-26 14:36:42.964 15571-20329/com.serenegiant.usbcameratest8 I/libuvc/device: [20329*device.c:1429:uvc_parse_vs_frame_uncompressed]:[device.c:1429] begin uvc_parse_vs_frame_uncompressed
2018-10-26 14:36:42.964 15571-20329/com.serenegiant.usbcameratest8 I/libuvc/device: [20329*device.c:1475:uvc_parse_vs_frame_uncompressed]:[device.c:1475] end uvc_parse_vs_frame_uncompressed (0)
2018-10-26 14:36:42.964 15571-20329/com.serenegiant.usbcameratest8 I/libuvc/device: [20329*device.c:1524:uvc_parse_vs]:[device.c:1524] end uvc_parse_vs (0)
2018-10-26 14:36:42.964 15571-20329/com.serenegiant.usbcameratest8 I/libuvc/device: [20329*device.c:1489:uvc_parse_vs]:[device.c:1489] begin uvc_parse_vs
2018-10-26 14:36:42.964 15571-20329/com.serenegiant.usbcameratest8 I/libuvc/device: [20329*device.c:1524:uvc_parse_vs]:[device.c:1524] end uvc_parse_vs (0)
2018-10-26 14:36:42.964 15571-20329/com.serenegiant.usbcameratest8 I/libuvc/device: [20329*device.c:1489:uvc_parse_vs]:[device.c:1489] begin uvc_parse_vs
2018-10-26 14:36:42.964 15571-20329/com.serenegiant.usbcameratest8 I/libuvc/device: [20329*device.c:1524:uvc_parse_vs]:[device.c:1524] end uvc_parse_vs (0)
2018-10-26 14:36:42.964 15571-20329/com.serenegiant.usbcameratest8 I/libuvc/device: [20329*device.c:1234:uvc_scan_streaming]:[device.c:1234] end uvc_scan_streaming (0)
2018-10-26 14:36:42.964 15571-20329/com.serenegiant.usbcameratest8 I/libuvc/device: [20329*device.c:1011:uvc_parse_vc_header]:[device.c:1011] end uvc_parse_vc_header (0)
2018-10-26 14:36:42.964 15571-20329/com.serenegiant.usbcameratest8 I/libuvc/device: [20329*device.c:1180:uvc_parse_vc]:[device.c:1180] end uvc_parse_vc (0)
2018-10-26 14:36:42.964 15571-20329/com.serenegiant.usbcameratest8 I/libuvc/device: [20329*device.c:1149:uvc_parse_vc]:[device.c:1149] begin uvc_parse_vc
2018-10-26 14:36:42.964 15571-20329/com.serenegiant.usbcameratest8 I/libuvc/device: [20329*device.c:1180:uvc_parse_vc]:[device.c:1180] end uvc_parse_vc (0)
2018-10-26 14:36:42.964 15571-20329/com.serenegiant.usbcameratest8 I/libuvc/device: [20329*device.c:1149:uvc_parse_vc]:[device.c:1149] begin uvc_parse_vc
2018-10-26 14:36:42.964 15571-20329/com.serenegiant.usbcameratest8 I/libuvc/device: [20329*device.c:1120:uvc_parse_vc_extension_unit]:[device.c:1120] begin uvc_parse_vc_extension_unit
2018-10-26 14:36:42.964 15571-20329/com.serenegiant.usbcameratest8 I/libuvc/device: [20329*device.c:1136:uvc_parse_vc_extension_unit]:[device.c:1136] end uvc_parse_vc_extension_unit (0)
2018-10-26 14:36:42.964 15571-20329/com.serenegiant.usbcameratest8 I/libuvc/device: [20329*device.c:1180:uvc_parse_vc]:[device.c:1180] end uvc_parse_vc (0)
2018-10-26 14:36:42.964 15571-20329/com.serenegiant.usbcameratest8 I/libuvc/device: [20329*device.c:1149:uvc_parse_vc]:[device.c:1149] begin uvc_parse_vc
2018-10-26 14:36:42.964 15571-20329/com.serenegiant.usbcameratest8 I/libuvc/device: [20329*device.c:1024:uvc_parse_vc_input_terminal]:[device.c:1024] begin uvc_parse_vc_input_terminal
2018-10-26 14:36:42.964 15571-20329/com.serenegiant.usbcameratest8 I/libuvc/device: [20329*device.c:1046:uvc_parse_vc_input_terminal]:[device.c:1046] end uvc_parse_vc_input_terminal (0)
2018-10-26 14:36:42.964 15571-20329/com.serenegiant.usbcameratest8 I/libuvc/device: [20329*device.c:1180:uvc_parse_vc]:[device.c:1180] end uvc_parse_vc (0)
2018-10-26 14:36:42.964 15571-20329/com.serenegiant.usbcameratest8 I/libuvc/device: [20329*device.c:1149:uvc_parse_vc]:[device.c:1149] begin uvc_parse_vc
2018-10-26 14:36:42.964 15571-20329/com.serenegiant.usbcameratest8 I/libuvc/device: [20329*device.c:1092:uvc_parse_vc_processing_unit]:[device.c:1092] begin uvc_parse_vc_processing_unit
2018-10-26 14:36:42.964 15571-20329/com.serenegiant.usbcameratest8 I/libuvc/device: [20329*device.c:1105:uvc_parse_vc_processing_unit]:[device.c:1105] end uvc_parse_vc_processing_unit (0)
2018-10-26 14:36:42.964 15571-20329/com.serenegiant.usbcameratest8 I/libuvc/device: [20329*device.c:1180:uvc_parse_vc]:[device.c:1180] end uvc_parse_vc (0)
2018-10-26 14:36:42.964 15571-20329/com.serenegiant.usbcameratest8 I/libuvc/device: [20329*device.c:969:uvc_scan_control]:[device.c:969] end uvc_scan_control (0)
2018-10-26 14:36:42.965 15571-20329/com.serenegiant.usbcameratest8 I/libuvc/device: [20329*device.c:400:uvc_get_device_info]:[device.c:400] end uvc_get_device_info (0)
2018-10-26 14:36:42.965 15571-20329/com.serenegiant.usbcameratest8 I/libusb/core: [20329*core.c:1995:libusb_set_auto_detach_kernel_driver]:[libusb_set_auto_detach_kernel_driver-1995] begin
2018-10-26 14:36:42.965 15571-20329/com.serenegiant.usbcameratest8 I/libusb/core: [20329*core.c:2004:libusb_set_auto_detach_kernel_driver]:[libusb_set_auto_detach_kernel_driver-2004] return (0)
