2018-10-26 14:36:42.965 15571-20329/com.serenegiant.usbcameratest8 I/libuvc/device: [20329*device.c:833:uvc_claim_if]:[device.c:833] begin uvc_claim_if
2018-10-26 14:36:42.965 15571-20329/com.serenegiant.usbcameratest8 I/libusb/core: [20329*core.c:1605:libusb_claim_interface]:[libusb_claim_interface-1605] begin
2018-10-26 14:36:42.965 15571-20329/com.serenegiant.usbcameratest8 I/libusb/usbfs: [20329*android_usbfs.c:2014:detach_kernel_driver_and_claim]:[detach_kernel_driver_and_claim-2014] begin
2018-10-26 14:36:42.965 15571-20329/com.serenegiant.usbcameratest8 I/libusb/usbfs: [20329*android_usbfs.c:2026:detach_kernel_driver_and_claim]:[detach_kernel_driver_and_claim-2026] return (0)
2018-10-26 14:36:42.965 15571-20329/com.serenegiant.usbcameratest8 I/libusb/core: [20329*core.c:1641:libusb_claim_interface]:[libusb_claim_interface-1641] return (0)
2018-10-26 14:36:42.965 15571-20329/com.serenegiant.usbcameratest8 I/libuvc/device: [20329*device.c:851:uvc_claim_if]:[device.c:851] end uvc_claim_if (0)
2018-10-26 14:36:42.965 15571-20329/com.serenegiant.usbcameratest8 I/libuvc/device: [20329*device.c:341:uvc_open]:[device.c:341] end uvc_open (0)
2018-10-26 14:36:42.965 15571-20329/com.serenegiant.usbcameratest8 I/libUVCCamera: [20329*UVCStatusCallback.cpp:14:UVCStatusCallback]:[UVCStatusCallback-14] begin
2018-10-26 14:36:42.965 15571-20329/com.serenegiant.usbcameratest8 I/libuvc/device: [20329*device.c:1794:uvc_set_status_callback]:[device.c:1794] begin uvc_set_status_callback
2018-10-26 14:36:42.965 15571-20329/com.serenegiant.usbcameratest8 I/libUVCCamera: [20329*UVCStatusCallback.cpp:18:UVCStatusCallback]:[UVCStatusCallback-18] end
2018-10-26 14:36:42.965 15571-20329/com.serenegiant.usbcameratest8 I/libUVCCamera: [20329*UVCButtonCallback.cpp:14:UVCButtonCallback]:[UVCButtonCallback-14] begin
2018-10-26 14:36:42.965 15571-20329/com.serenegiant.usbcameratest8 I/libuvc/device: [20329*device.c:1812:uvc_set_button_callback]:[device.c:1812] begin uvc_set_button_callback
2018-10-26 14:36:42.965 15571-20329/com.serenegiant.usbcameratest8 I/libUVCCamera: [20329*UVCButtonCallback.cpp:18:UVCButtonCallback]:[UVCButtonCallback-18] end
2018-10-26 14:36:42.965 15571-20329/com.serenegiant.usbcameratest8 I/libUVCCamera: [20329*UVCPreview.cpp:72:UVCPreview]:[UVCPreview-72] begin
2018-10-26 14:36:42.965 15571-20329/com.serenegiant.usbcameratest8 I/libUVCCamera: [20329*UVCPreview.cpp:80:UVCPreview]:[UVCPreview-80] end
2018-10-26 14:36:42.965 15571-20329/com.serenegiant.usbcameratest8 I/UVCCamera: [20329*UVCCamera.cpp:187:connect]:[connect-187] return (0)
2018-10-26 14:36:42.965 15571-20329/com.serenegiant.usbcameratest8 I/libUVCCamera: [20329*serenegiant_usb_UVCCamera.cpp:157:nativeConnect]:[nativeConnect-157] return (0)
2018-10-26 14:36:42.965 15571-20329/com.serenegiant.usbcameratest8 I/libUVCCamera: [20329*serenegiant_usb_UVCCamera.cpp:203:nativeGetSupportedSize]:[nativeGetSupportedSize-203] begin
2018-10-26 14:36:42.965 15571-20329/com.serenegiant.usbcameratest8 I/UVCCamera: [20329*UVCCamera.cpp:241:getSupportedSize]:[getSupportedSize-241] begin
2018-10-26 14:36:42.965 15571-20329/com.serenegiant.usbcameratest8 I/Parameters: [20329*Parameters.cpp:347:getSupportedSize]:[getSupportedSize-347] begin
2018-10-26 14:36:42.965 15571-20329/com.serenegiant.usbcameratest8 I/Parameters: [20329*Parameters.cpp:393:getSupportedSize]:[getSupportedSize-393] return (-740601088)
2018-10-26 14:36:42.965 15571-20329/com.serenegiant.usbcameratest8 I/UVCCamera: [20329*UVCCamera.cpp:244:getSupportedSize]:[getSupportedSize-244] return (-740601088)
2018-10-26 14:36:42.965 15571-20329/com.serenegiant.usbcameratest8 I/libUVCCamera: [20329*serenegiant_usb_UVCCamera.cpp:213:nativeGetSupportedSize]:[nativeGetSupportedSize-213] return (21)
2018-10-26 14:36:42.965 15571-20329/com.serenegiant.usbcameratest8 I/libUVCCamera: [20329*serenegiant_usb_UVCCamera.cpp:221:nativeSetPreviewSize]:[nativeSetPreviewSize-221] begin
2018-10-26 14:36:42.965 15571-20329/com.serenegiant.usbcameratest8 I/UVCCamera: [20329*UVCCamera.cpp:250:setPreviewSize]:[setPreviewSize-250] begin
2018-10-26 14:36:42.965 15571-20329/com.serenegiant.usbcameratest8 I/libUVCCamera: [20329*UVCPreview.cpp:171:setPreviewSize]:[setPreviewSize-171] begin
2018-10-26 14:36:42.965 15571-20329/com.serenegiant.usbcameratest8 I/libUVCCamera: [20329*UVCPreview.cpp:188:setPreviewSize]:[setPreviewSize-188] return (0)
2018-10-26 14:36:42.965 15571-20329/com.serenegiant.usbcameratest8 I/UVCCamera: [20329*UVCCamera.cpp:255:setPreviewSize]:[setPreviewSize-255] return (0)
2018-10-26 14:36:42.965 15571-20329/com.serenegiant.usbcameratest8 I/AbsUVCCameraHandler: supportedSize:{"formats":[{"index":1,"type":6,"default":1,"size":["1920x1080","1280x720","1024x768","640x480","800x600","1280x1024","320x240"]},{"index":2,"type":4,"default":1,"size":["1920x1080","1280x720","1024x768","640x480","800x600","1280x1024","320x240"]}]}
2018-10-26 14:36:42.965 15571-20329/com.serenegiant.usbcameratest8 V/CameraThread: handleStartPreview:
2018-10-26 14:36:42.965 15571-20329/com.serenegiant.usbcameratest8 I/libUVCCamera: [20329*serenegiant_usb_UVCCamera.cpp:221:nativeSetPreviewSize]:[nativeSetPreviewSize-221] begin
2018-10-26 14:36:42.965 15571-20329/com.serenegiant.usbcameratest8 I/UVCCamera: [20329*UVCCamera.cpp:250:setPreviewSize]:[setPreviewSize-250] begin
2018-10-26 14:36:42.965 15571-20329/com.serenegiant.usbcameratest8 I/libUVCCamera: [20329*UVCPreview.cpp:171:setPreviewSize]:[setPreviewSize-171] begin
2018-10-26 14:36:42.965 15571-20329/com.serenegiant.usbcameratest8 I/libuvc/stream: [20329*stream.c:540:uvc_get_stream_ctrl_format_size_fps]:[uvc_get_stream_ctrl_format_size_fps-540] begin
2018-10-26 14:36:42.965 15571-20329/com.serenegiant.usbcameratest8 I/libuvc/stream: [20329*stream.c:412:_uvc_get_stream_ctrl_format]:[_uvc_get_stream_ctrl_format-412] begin
2018-10-26 14:36:42.965 15571-20329/com.serenegiant.usbcameratest8 I/libuvc/device: [20329*device.c:833:uvc_claim_if]:[device.c:833] begin uvc_claim_if
2018-10-26 14:36:42.965 15571-20329/com.serenegiant.usbcameratest8 I/libusb/core: [20329*core.c:1605:libusb_claim_interface]:[libusb_claim_interface-1605] begin
2018-10-26 14:36:42.965 15571-20329/com.serenegiant.usbcameratest8 I/libusb/usbfs: [20329*android_usbfs.c:2014:detach_kernel_driver_and_claim]:[detach_kernel_driver_and_claim-2014] begin
2018-10-26 14:36:42.965 15571-20329/com.serenegiant.usbcameratest8 I/libusb/usbfs: [20329*android_usbfs.c:2026:detach_kernel_driver_and_claim]:[detach_kernel_driver_and_claim-2026] return (0)
2018-10-26 14:36:42.965 15571-20329/com.serenegiant.usbcameratest8 I/libusb/core: [20329*core.c:1641:libusb_claim_interface]:[libusb_claim_interface-1641] return (0)
2018-10-26 14:36:42.965 15571-20329/com.serenegiant.usbcameratest8 I/libuvc/device: [20329*device.c:851:uvc_claim_if]:[device.c:851] end uvc_claim_if (0)
2018-10-26 14:36:42.967 15571-20329/com.serenegiant.usbcameratest8 W/libuvc/stream: [20329*stream.c:270:uvc_query_stream_ctrl]:fix up block for cameras that fail to set dwMax
2018-10-26 14:36:42.972 15571-20329/com.serenegiant.usbcameratest8 I/chatty: uid=10304(u0_a304) CameraThread identical 4 lines
2018-10-26 14:36:42.974 15571-20329/com.serenegiant.usbcameratest8 W/libuvc/stream: [20329*stream.c:270:uvc_query_stream_ctrl]:fix up block for cameras that fail to set dwMax
2018-10-26 14:36:42.974 15571-20329/com.serenegiant.usbcameratest8 I/libuvc/device: [20329*device.c:865:uvc_release_if]:[device.c:865] begin uvc_release_if
2018-10-26 14:36:42.974 15571-20329/com.serenegiant.usbcameratest8 I/libusb/core: [20329*core.c:1666:libusb_release_interface]:[libusb_release_interface-1666] begin
2018-10-26 14:36:42.974 15571-20329/com.serenegiant.usbcameratest8 I/libusb/usbfs: [20329*android_usbfs.c:1766:release_interface]:[release_interface-1766] begin
2018-10-26 14:36:42.974 15571-20329/com.serenegiant.usbcameratest8 I/libusb/usbfs: [20329*android_usbfs.c:1780:release_interface]:[release_interface-1780] return (0)
2018-10-26 14:36:42.974 15571-20329/com.serenegiant.usbcameratest8 I/libusb/core: [20329*core.c:1690:libusb_release_interface]:[libusb_release_interface-1690] return (0)
2018-10-26 14:36:42.974 15571-20329/com.serenegiant.usbcameratest8 I/libuvc/device: [20329*device.c:896:uvc_release_if]:[device.c:896] end uvc_release_if (0)
2018-10-26 14:36:42.974 15571-20329/com.serenegiant.usbcameratest8 I/libuvc/stream: [20329*stream.c:503:_uvc_get_stream_ctrl_format]:[_uvc_get_stream_ctrl_format-503] return (-51)
2018-10-26 14:36:42.974 15571-20329/com.serenegiant.usbcameratest8 I/libuvc/stream: [20329*stream.c:562:uvc_get_stream_ctrl_format_size_fps]:[uvc_get_stream_ctrl_format_size_fps-562] return (-51)
2018-10-26 14:36:42.974 15571-20329/com.serenegiant.usbcameratest8 I/libUVCCamera: [20329*UVCPreview.cpp:188:setPreviewSize]:[setPreviewSize-188] return (-51)
2018-10-26 14:36:42.974 15571-20329/com.serenegiant.usbcameratest8 I/UVCCamera: [20329*UVCCamera.cpp:255:setPreviewSize]:[setPreviewSize-255] return (-51)
2018-10-26 14:36:42.974 15571-20329/com.serenegiant.usbcameratest8 I/libUVCCamera: [20329*serenegiant_usb_UVCCamera.cpp:221:nativeSetPreviewSize]:[nativeSetPreviewSize-221] begin
2018-10-26 14:36:42.974 15571-20329/com.serenegiant.usbcameratest8 I/UVCCamera: [20329*UVCCamera.cpp:250:setPreviewSize]:[setPreviewSize-250] begin
2018-10-26 14:36:42.974 15571-20329/com.serenegiant.usbcameratest8 I/libUVCCamera: [20329*UVCPreview.cpp:171:setPreviewSize]:[setPreviewSize-171] begin
2018-10-26 14:36:42.974 15571-20329/com.serenegiant.usbcameratest8 I/libuvc/stream: [20329*stream.c:540:uvc_get_stream_ctrl_format_size_fps]:[uvc_get_stream_ctrl_format_size_fps-540] begin
2018-10-26 14:36:42.974 15571-20329/com.serenegiant.usbcameratest8 I/libuvc/stream: [20329*stream.c:412:_uvc_get_stream_ctrl_format]:[_uvc_get_stream_ctrl_format-412] begin
2018-10-26 14:36:42.974 15571-20329/com.serenegiant.usbcameratest8 I/libuvc/device: [20329*device.c:833:uvc_claim_if]:[device.c:833] begin uvc_claim_if
2018-10-26 14:36:42.974 15571-20329/com.serenegiant.usbcameratest8 I/libusb/core: [20329*core.c:1605:libusb_claim_interface]:[libusb_claim_interface-1605] begin
2018-10-26 14:36:42.974 15571-20329/com.serenegiant.usbcameratest8 I/libusb/usbfs: [20329*android_usbfs.c:2014:detach_kernel_driver_and_claim]:[detach_kernel_driver_and_claim-2014] begin
2018-10-26 14:36:42.974 15571-20329/com.serenegiant.usbcameratest8 I/libusb/usbfs: [20329*android_usbfs.c:2026:detach_kernel_driver_and_claim]:[detach_kernel_driver_and_claim-2026] return (0)
2018-10-26 14:36:42.974 15571-20329/com.serenegiant.usbcameratest8 I/libusb/core: [20329*core.c:1641:libusb_claim_interface]:[libusb_claim_interface-1641] return (0)
2018-10-26 14:36:42.974 15571-20329/com.serenegiant.usbcameratest8 I/libuvc/device: [20329*device.c:851:uvc_claim_if]:[device.c:851] end uvc_claim_if (0)
2018-10-26 14:36:42.975 15571-20329/com.serenegiant.usbcameratest8 W/libuvc/stream: [20329*stream.c:270:uvc_query_stream_ctrl]:fix up block for cameras that fail to set dwMax
2018-10-26 14:36:42.980 15571-20329/com.serenegiant.usbcameratest8 I/chatty: uid=10304(u0_a304) CameraThread identical 4 lines
2018-10-26 14:36:42.981 15571-20329/com.serenegiant.usbcameratest8 W/libuvc/stream: [20329*stream.c:270:uvc_query_stream_ctrl]:fix up block for cameras that fail to set dwMax
2018-10-26 14:36:42.981 15571-20329/com.serenegiant.usbcameratest8 I/libuvc/stream: [20329*stream.c:506:_uvc_get_stream_ctrl_format]:[_uvc_get_stream_ctrl_format-506] return (0)
2018-10-26 14:36:42.981 15571-20329/com.serenegiant.usbcameratest8 I/libuvc/device: [20329*device.c:833:uvc_claim_if]:[device.c:833] begin uvc_claim_if
2018-10-26 14:36:42.981 15571-20329/com.serenegiant.usbcameratest8 I/libusb/core: [20329*core.c:1605:libusb_claim_interface]:[libusb_claim_interface-1605] begin
2018-10-26 14:36:42.981 15571-20329/com.serenegiant.usbcameratest8 I/libusb/core: [20329*core.c:1641:libusb_claim_interface]:[libusb_claim_interface-1641] return (0)
2018-10-26 14:36:42.981 15571-20329/com.serenegiant.usbcameratest8 I/libuvc/device: [20329*device.c:851:uvc_claim_if]:[device.c:851] end uvc_claim_if (0)
2018-10-26 14:36:43.010 15571-20329/com.serenegiant.usbcameratest8 I/libuvc/stream: [20329*stream.c:565:uvc_get_stream_ctrl_format_size_fps]:[uvc_get_stream_ctrl_format_size_fps-565] return (0)
2018-10-26 14:36:43.010 15571-20329/com.serenegiant.usbcameratest8 I/libUVCCamera: [20329*UVCPreview.cpp:188:setPreviewSize]:[setPreviewSize-188] return (0)
2018-10-26 14:36:43.010 15571-20329/com.serenegiant.usbcameratest8 I/UVCCamera: [20329*UVCCamera.cpp:255:setPreviewSize]:[setPreviewSize-255] return (0)
2018-10-26 14:36:43.010 15571-20329/com.serenegiant.usbcameratest8 I/libUVCCamera: [20329*serenegiant_usb_UVCCamera.cpp:257:nativeSetPreviewDisplay]:[nativeSetPreviewDisplay-257] begin
2018-10-26 14:36:43.010 15571-20329/com.serenegiant.usbcameratest8 I/UVCCamera: [20329*UVCCamera.cpp:259:setPreviewDisplay]:[setPreviewDisplay-259] begin
2018-10-26 14:36:43.010 15571-20329/com.serenegiant.usbcameratest8 I/libUVCCamera: [20329*UVCPreview.cpp:192:setPreviewDisplay]:[setPreviewDisplay-192] begin
2018-10-26 14:36:43.010 15571-20329/com.serenegiant.usbcameratest8 I/libUVCCamera: [20329*UVCPreview.cpp:206:setPreviewDisplay]:[setPreviewDisplay-206] return (0)
2018-10-26 14:36:43.010 15571-20329/com.serenegiant.usbcameratest8 I/UVCCamera: [20329*UVCCamera.cpp:264:setPreviewDisplay]:[setPreviewDisplay-264] return (0)
2018-10-26 14:36:43.010 15571-20329/com.serenegiant.usbcameratest8 I/libUVCCamera: [20329*serenegiant_usb_UVCCamera.cpp:263:nativeSetPreviewDisplay]:[nativeSetPreviewDisplay-263] return (0)
2018-10-26 14:36:43.011 15571-20329/com.serenegiant.usbcameratest8 I/libUVCCamera: [20329*serenegiant_usb_UVCCamera.cpp:232:nativeStartPreview]:[nativeStartPreview-232] begin
2018-10-26 14:36:43.011 15571-20329/com.serenegiant.usbcameratest8 I/UVCCamera: [20329*UVCCamera.cpp:277:startPreview]:[startPreview-277] begin
2018-10-26 14:36:43.011 15571-20329/com.serenegiant.usbcameratest8 I/libUVCCamera: [20329*UVCPreview.cpp:329:startPreview]:[startPreview-329] begin
2018-10-26 14:36:43.013 15571-20329/com.serenegiant.usbcameratest8 I/libUVCCamera: [20329*UVCPreview.cpp:351:startPreview]:[startPreview-351] return (0)
2018-10-26 14:36:43.013 15571-20329/com.serenegiant.usbcameratest8 I/libUVCCamera: [20329*serenegiant_usb_UVCCamera.cpp:298:nativeGetCtrlSupports]:[nativeGetCtrlSupports-298] begin
2018-10-26 14:36:43.013 15571-20329/com.serenegiant.usbcameratest8 I/UVCCamera: [20329*UVCCamera.cpp:306:getCtrlSupports]:[getCtrlSupports-306] begin
2018-10-26 14:36:43.013 15571-20329/com.serenegiant.usbcameratest8 I/UVCCamera: [20329*UVCCamera.cpp:327:getCtrlSupports]:[getCtrlSupports-327] return (0)
2018-10-26 14:36:43.013 15571-20329/com.serenegiant.usbcameratest8 I/libUVCCamera: [20329*serenegiant_usb_UVCCamera.cpp:306:nativeGetCtrlSupports]:[nativeGetCtrlSupports-306] return (14)
2018-10-26 14:36:43.013 15571-20329/com.serenegiant.usbcameratest8 I/libUVCCamera: [20329*serenegiant_usb_UVCCamera.cpp:314:nativeGetProcSupports]:[nativeGetProcSupports-314] begin
2018-10-26 14:36:43.013 15571-20329/com.serenegiant.usbcameratest8 I/UVCCamera: [20329*UVCCamera.cpp:331:getProcSupports]:[getProcSupports-331] begin
2018-10-26 14:36:43.013 15571-20329/com.serenegiant.usbcameratest8 I/UVCCamera: [20329*UVCCamera.cpp:352:getProcSupports]:[getProcSupports-352] return (0)
2018-10-26 14:36:43.013 15571-20329/com.serenegiant.usbcameratest8 I/libUVCCamera: [20329*serenegiant_usb_UVCCamera.cpp:322:nativeGetProcSupports]:[nativeGetProcSupports-322] return (6015)
2018-10-26 14:36:43.014 15571-20329/com.serenegiant.usbcameratest8 I/libUVCCamera: [20329*serenegiant_usb_UVCCamera.cpp:682:nativeUpdateBrightnessLimit]:[nativeUpdateBrightnessLimit-682] begin
2018-10-26 14:36:43.014 15571-20329/com.serenegiant.usbcameratest8 I/UVCCamera: [20329*UVCCamera.cpp:1555:updateBrightnessLimit]:[updateBrightnessLimit-1555] begin
2018-10-26 14:36:43.014 15571-20329/com.serenegiant.usbcameratest8 I/UVCCamera: [20329*UVCCamera.cpp:366:update_ctrl_values]:[update_ctrl_values-366] begin
2018-10-26 14:36:43.014 15571-20403/com.serenegiant.usbcameratest8 I/libUVCCamera: [20403*UVCPreview.cpp:462:preview_thread_func]:[preview_thread_func-462] begin
2018-10-26 14:36:43.014 15571-20403/com.serenegiant.usbcameratest8 I/libUVCCamera: [20403*UVCPreview.cpp:478:prepare_preview]:[prepare_preview-478] begin
2018-10-26 14:36:43.014 15571-20403/com.serenegiant.usbcameratest8 I/libuvc/stream: [20403*stream.c:540:uvc_get_stream_ctrl_format_size_fps]:[uvc_get_stream_ctrl_format_size_fps-540] begin
2018-10-26 14:36:43.014 15571-20403/com.serenegiant.usbcameratest8 I/libuvc/stream: [20403*stream.c:412:_uvc_get_stream_ctrl_format]:[_uvc_get_stream_ctrl_format-412] begin
2018-10-26 14:36:43.014 15571-20403/com.serenegiant.usbcameratest8 I/libuvc/device: [20403*device.c:833:uvc_claim_if]:[device.c:833] begin uvc_claim_if
2018-10-26 14:36:43.014 15571-20403/com.serenegiant.usbcameratest8 I/libusb/core: [20403*core.c:1605:libusb_claim_interface]:[libusb_claim_interface-1605] begin
2018-10-26 14:36:43.014 15571-20403/com.serenegiant.usbcameratest8 I/libusb/core: [20403*core.c:1641:libusb_claim_interface]:[libusb_claim_interface-1641] return (0)
2018-10-26 14:36:43.014 15571-20403/com.serenegiant.usbcameratest8 I/libuvc/device: [20403*device.c:851:uvc_claim_if]:[device.c:851] end uvc_claim_if (0)
2018-10-26 14:36:43.019 15571-20329/com.serenegiant.usbcameratest8 I/UVCCamera: [20329*UVCCamera.cpp:390:update_ctrl_values]:[update_ctrl_values-390] return (0)
2018-10-26 14:36:43.019 15571-20329/com.serenegiant.usbcameratest8 I/UVCCamera: [20329*UVCCamera.cpp:1560:updateBrightnessLimit]:[updateBrightnessLimit-1560] return (0)
2018-10-26 14:36:43.019 15571-20329/com.serenegiant.usbcameratest8 I/libUVCCamera: [20329*serenegiant_usb_UVCCamera.cpp:694:nativeUpdateBrightnessLimit]:[nativeUpdateBrightnessLimit-694] return (0)
2018-10-26 14:36:43.019 15571-20329/com.serenegiant.usbcameratest8 I/libUVCCamera: [20329*serenegiant_usb_UVCCamera.cpp:1166:nativeUpdateContrastLimit]:[nativeUpdateContrastLimit-1166] begin
2018-10-26 14:36:43.019 15571-20329/com.serenegiant.usbcameratest8 I/UVCCamera: [20329*UVCCamera.cpp:1590:updateContrastLimit]:[updateContrastLimit-1590] begin
2018-10-26 14:36:43.019 15571-20329/com.serenegiant.usbcameratest8 I/UVCCamera: [20329*UVCCamera.cpp:396:update_ctrl_values]:[update_ctrl_values-396] begin
2018-10-26 14:36:43.026 15571-20329/com.serenegiant.usbcameratest8 I/UVCCamera: [20329*UVCCamera.cpp:420:update_ctrl_values]:[update_ctrl_values-420] return (0)
2018-10-26 14:36:43.026 15571-20329/com.serenegiant.usbcameratest8 I/UVCCamera: [20329*UVCCamera.cpp:1595:updateContrastLimit]:[updateContrastLimit-1595] return (0)
2018-10-26 14:36:43.026 15571-20329/com.serenegiant.usbcameratest8 I/libUVCCamera: [20329*serenegiant_usb_UVCCamera.cpp:1178:nativeUpdateContrastLimit]:[nativeUpdateContrastLimit-1178] return (0)
2018-10-26 14:36:43.026 15571-20329/com.serenegiant.usbcameratest8 I/libUVCCamera: [20329*serenegiant_usb_UVCCamera.cpp:1254:nativeUpdateSharpnessLimit]:[nativeUpdateSharpnessLimit-1254] begin
2018-10-26 14:36:43.026 15571-20329/com.serenegiant.usbcameratest8 I/UVCCamera: [20329*UVCCamera.cpp:1661:updateSharpnessLimit]:[updateSharpnessLimit-1661] begin
2018-10-26 14:36:43.026 15571-20329/com.serenegiant.usbcameratest8 I/UVCCamera: [20329*UVCCamera.cpp:396:update_ctrl_values]:[update_ctrl_values-396] begin
2018-10-26 14:36:43.027 15571-20403/com.serenegiant.usbcameratest8 I/libuvc/stream: [20403*stream.c:506:_uvc_get_stream_ctrl_format]:[_uvc_get_stream_ctrl_format-506] return (0)
2018-10-26 14:36:43.027 15571-20403/com.serenegiant.usbcameratest8 I/libuvc/device: [20403*device.c:833:uvc_claim_if]:[device.c:833] begin uvc_claim_if
2018-10-26 14:36:43.027 15571-20403/com.serenegiant.usbcameratest8 I/libusb/core: [20403*core.c:1605:libusb_claim_interface]:[libusb_claim_interface-1605] begin
2018-10-26 14:36:43.027 15571-20403/com.serenegiant.usbcameratest8 I/libusb/core: [20403*core.c:1641:libusb_claim_interface]:[libusb_claim_interface-1641] return (0)
2018-10-26 14:36:43.027 15571-20403/com.serenegiant.usbcameratest8 I/libuvc/device: [20403*device.c:851:uvc_claim_if]:[device.c:851] end uvc_claim_if (0)
2018-10-26 14:36:43.057 15571-20403/com.serenegiant.usbcameratest8 I/libuvc/stream: [20403*stream.c:565:uvc_get_stream_ctrl_format_size_fps]:[uvc_get_stream_ctrl_format_size_fps-565] return (0)
2018-10-26 14:36:43.057 15571-20403/com.serenegiant.usbcameratest8 I/libUVCCamera: [20403*UVCPreview.cpp:492:prepare_preview]:frameSize=(640,480)@YUYV
2018-10-26 14:36:43.057 15571-20403/com.serenegiant.usbcameratest8 I/libUVCCamera: [20403*UVCPreview.cpp:509:prepare_preview]:[prepare_preview-509] return (0)
2018-10-26 14:36:43.057 15571-20403/com.serenegiant.usbcameratest8 I/libUVCCamera: [20403*UVCPreview.cpp:513:do_preview]:[do_preview-513] begin
2018-10-26 14:36:43.057 15571-20403/com.serenegiant.usbcameratest8 I/libuvc/stream: [20403*stream.c:1304:uvc_stream_open_ctrl]:[stream.c:1304] begin uvc_stream_open_ctrl
2018-10-26 14:36:43.057 15571-20403/com.serenegiant.usbcameratest8 I/libuvc/device: [20403*device.c:833:uvc_claim_if]:[device.c:833] begin uvc_claim_if
2018-10-26 14:36:43.057 15571-20403/com.serenegiant.usbcameratest8 I/libusb/core: [20403*core.c:1605:libusb_claim_interface]:[libusb_claim_interface-1605] begin
2018-10-26 14:36:43.057 15571-20403/com.serenegiant.usbcameratest8 I/libusb/core: [20403*core.c:1641:libusb_claim_interface]:[libusb_claim_interface-1641] return (0)
2018-10-26 14:36:43.057 15571-20403/com.serenegiant.usbcameratest8 I/libuvc/device: [20403*device.c:851:uvc_claim_if]:[device.c:851] end uvc_claim_if (0)
2018-10-26 14:36:43.058 15571-20329/com.serenegiant.usbcameratest8 I/UVCCamera: [20329*UVCCamera.cpp:420:update_ctrl_values]:[update_ctrl_values-420] return (0)
2018-10-26 14:36:43.058 15571-20329/com.serenegiant.usbcameratest8 I/UVCCamera: [20329*UVCCamera.cpp:1666:updateSharpnessLimit]:[updateSharpnessLimit-1666] return (0)
2018-10-26 14:36:43.058 15571-20329/com.serenegiant.usbcameratest8 I/libUVCCamera: [20329*serenegiant_usb_UVCCamera.cpp:1266:nativeUpdateSharpnessLimit]:[nativeUpdateSharpnessLimit-1266] return (0)
2018-10-26 14:36:43.058 15571-20329/com.serenegiant.usbcameratest8 I/libUVCCamera: [20329*serenegiant_usb_UVCCamera.cpp:1298:nativeUpdateGainLimit]:[nativeUpdateGainLimit-1298] begin
2018-10-26 14:36:43.058 15571-20329/com.serenegiant.usbcameratest8 I/UVCCamera: [20329*UVCCamera.cpp:1697:updateGainLimit]:[updateGainLimit-1697] begin
2018-10-26 14:36:43.058 15571-20329/com.serenegiant.usbcameratest8 I/UVCCamera: [20329*UVCCamera.cpp:396:update_ctrl_values]:[update_ctrl_values-396] begin
2018-10-26 14:36:43.086 15571-20403/com.serenegiant.usbcameratest8 I/libuvc/stream: [20403*stream.c:1348:uvc_stream_open_ctrl]:[stream.c:1348] end uvc_stream_open_ctrl (0)
2018-10-26 14:36:43.086 15571-20403/com.serenegiant.usbcameratest8 I/libuvc/stream: [20403*stream.c:1397:uvc_stream_start_bandwidth]:[stream.c:1397] begin uvc_stream_start_bandwidth
2018-10-26 14:36:43.086 15571-20403/com.serenegiant.usbcameratest8 I/libusb/usbfs: [20403*android_usbfs.c:1785:op_set_interface]:[op_set_interface-1785] begin
2018-10-26 14:36:43.817 15571-20403/com.serenegiant.usbcameratest8 I/libusb/usbfs: [20403*android_usbfs.c:1805:op_set_interface]:[op_set_interface-1805] return (0)
2018-10-26 14:36:43.821 15571-20403/com.serenegiant.usbcameratest8 I/libuvc/stream: [20403*stream.c:1602:uvc_stream_start_bandwidth]:[stream.c:1602] end uvc_stream_start_bandwidth (0)
2018-10-26 14:36:43.821 15571-20329/com.serenegiant.usbcameratest8 I/UVCCamera: [20329*UVCCamera.cpp:420:update_ctrl_values]:[update_ctrl_values-420] return (0)
2018-10-26 14:36:43.822 15571-20329/com.serenegiant.usbcameratest8 I/UVCCamera: [20329*UVCCamera.cpp:1702:updateGainLimit]:[updateGainLimit-1702] return (0)
2018-10-26 14:36:43.822 15571-20329/com.serenegiant.usbcameratest8 I/libUVCCamera: [20329*serenegiant_usb_UVCCamera.cpp:1310:nativeUpdateGainLimit]:[nativeUpdateGainLimit-1310] return (0)
2018-10-26 14:36:43.822 15571-20329/com.serenegiant.usbcameratest8 I/libUVCCamera: [20329*serenegiant_usb_UVCCamera.cpp:1342:nativeUpdateGammaLimit]:[nativeUpdateGammaLimit-1342] begin
2018-10-26 14:36:43.822 15571-20329/com.serenegiant.usbcameratest8 I/UVCCamera: [20329*UVCCamera.cpp:1877:updateGammaLimit]:[updateGammaLimit-1877] begin
2018-10-26 14:36:43.822 15571-20329/com.serenegiant.usbcameratest8 I/UVCCamera: [20329*UVCCamera.cpp:396:update_ctrl_values]:[update_ctrl_values-396] begin
2018-10-26 14:36:43.828 15571-20406/com.serenegiant.usbcameratest8 I/libUVCCamera: [20406*UVCPreview.cpp:755:capture_thread_func]:[capture_thread_func-755] begin
2018-10-26 14:36:43.829 15571-20406/com.serenegiant.usbcameratest8 I/libUVCCamera: [20406*UVCPreview.cpp:776:do_capture]:[do_capture-776] begin
2018-10-26 14:36:43.829 15571-20406/com.serenegiant.usbcameratest8 I/libUVCCamera: [20406*UVCPreview.cpp:793:do_capture_idle_loop]:[do_capture_idle_loop-793] begin
2018-10-26 14:36:43.830 15571-20329/com.serenegiant.usbcameratest8 I/UVCCamera: [20329*UVCCamera.cpp:420:update_ctrl_values]:[update_ctrl_values-420] return (0)
2018-10-26 14:36:43.830 15571-20329/com.serenegiant.usbcameratest8 I/UVCCamera: [20329*UVCCamera.cpp:1882:updateGammaLimit]:[updateGammaLimit-1882] return (0)
2018-10-26 14:36:43.830 15571-20329/com.serenegiant.usbcameratest8 I/libUVCCamera: [20329*serenegiant_usb_UVCCamera.cpp:1354:nativeUpdateGammaLimit]:[nativeUpdateGammaLimit-1354] return (0)
2018-10-26 14:36:43.830 15571-20329/com.serenegiant.usbcameratest8 I/libUVCCamera: [20329*serenegiant_usb_UVCCamera.cpp:1518:nativeUpdateSaturationLimit]:[nativeUpdateSaturationLimit-1518] begin
2018-10-26 14:36:43.830 15571-20329/com.serenegiant.usbcameratest8 I/UVCCamera: [20329*UVCCamera.cpp:1915:updateSaturationLimit]:[updateSaturationLimit-1915] begin
2018-10-26 14:36:43.830 15571-20329/com.serenegiant.usbcameratest8 I/UVCCamera: [20329*UVCCamera.cpp:396:update_ctrl_values]:[update_ctrl_values-396] begin
2018-10-26 14:36:43.833 15571-20329/com.serenegiant.usbcameratest8 I/UVCCamera: [20329*UVCCamera.cpp:420:update_ctrl_values]:[update_ctrl_values-420] return (0)
2018-10-26 14:36:43.833 15571-20329/com.serenegiant.usbcameratest8 I/UVCCamera: [20329*UVCCamera.cpp:1920:updateSaturationLimit]:[updateSaturationLimit-1920] return (0)
2018-10-26 14:36:43.834 15571-20329/com.serenegiant.usbcameratest8 I/libUVCCamera: [20329*serenegiant_usb_UVCCamera.cpp:1530:nativeUpdateSaturationLimit]:[nativeUpdateSaturationLimit-1530] return (0)
2018-10-26 14:36:43.834 15571-20329/com.serenegiant.usbcameratest8 I/libUVCCamera: [20329*serenegiant_usb_UVCCamera.cpp:1562:nativeUpdateHueLimit]:[nativeUpdateHueLimit-1562] begin
2018-10-26 14:36:43.834 15571-20329/com.serenegiant.usbcameratest8 I/UVCCamera: [20329*UVCCamera.cpp:1951:updateHueLimit]:[updateHueLimit-1951] begin
2018-10-26 14:36:43.834 15571-20329/com.serenegiant.usbcameratest8 I/UVCCamera: [20329*UVCCamera.cpp:366:update_ctrl_values]:[update_ctrl_values-366] begin
2018-10-26 14:36:43.837 15571-20329/com.serenegiant.usbcameratest8 I/UVCCamera: [20329*UVCCamera.cpp:390:update_ctrl_values]:[update_ctrl_values-390] return (0)
2018-10-26 14:36:43.837 15571-20329/com.serenegiant.usbcameratest8 I/UVCCamera: [20329*UVCCamera.cpp:1956:updateHueLimit]:[updateHueLimit-1956] return (0)
2018-10-26 14:36:43.837 15571-20329/com.serenegiant.usbcameratest8 I/libUVCCamera: [20329*serenegiant_usb_UVCCamera.cpp:1574:nativeUpdateHueLimit]:[nativeUpdateHueLimit-1574] return (0)
2018-10-26 14:36:43.837 15571-20329/com.serenegiant.usbcameratest8 I/libUVCCamera: [20329*serenegiant_usb_UVCCamera.cpp:1694:nativeUpdateZoomLimit]:[nativeUpdateZoomLimit-1694] begin
2018-10-26 14:36:43.837 15571-20329/com.serenegiant.usbcameratest8 I/UVCCamera: [20329*UVCCamera.cpp:2066:updateZoomLimit]:[updateZoomLimit-2066] begin
2018-10-26 14:36:43.837 15571-20329/com.serenegiant.usbcameratest8 I/UVCCamera: [20329*UVCCamera.cpp:2071:updateZoomLimit]:[updateZoomLimit-2071] return (-1)
2018-10-26 14:36:43.837 15571-20329/com.serenegiant.usbcameratest8 I/libUVCCamera: [20329*serenegiant_usb_UVCCamera.cpp:1706:nativeUpdateZoomLimit]:[nativeUpdateZoomLimit-1706] return (-1)
2018-10-26 14:36:43.838 15571-20329/com.serenegiant.usbcameratest8 I/libUVCCamera: [20329*serenegiant_usb_UVCCamera.cpp:1386:nativeUpdateWhiteBlanceLimit]:[nativeUpdateWhiteBlanceLimit-1386] begin
2018-10-26 14:36:43.838 15571-20329/com.serenegiant.usbcameratest8 I/UVCCamera: [20329*UVCCamera.cpp:1803:updateWhiteBlanceLimit]:[updateWhiteBlanceLimit-1803] begin
2018-10-26 14:36:43.838 15571-20329/com.serenegiant.usbcameratest8 I/UVCCamera: [20329*UVCCamera.cpp:396:update_ctrl_values]:[update_ctrl_values-396] begin
2018-10-26 14:36:43.841 15571-20329/com.serenegiant.usbcameratest8 I/UVCCamera: [20329*UVCCamera.cpp:420:update_ctrl_values]:[update_ctrl_values-420] return (0)
2018-10-26 14:36:43.841 15571-20329/com.serenegiant.usbcameratest8 I/UVCCamera: [20329*UVCCamera.cpp:1808:updateWhiteBlanceLimit]:[updateWhiteBlanceLimit-1808] return (0)
2018-10-26 14:36:43.841 15571-20329/com.serenegiant.usbcameratest8 I/libUVCCamera: [20329*serenegiant_usb_UVCCamera.cpp:1398:nativeUpdateWhiteBlanceLimit]:[nativeUpdateWhiteBlanceLimit-1398] return (0)
2018-10-26 14:36:43.841 15571-20329/com.serenegiant.usbcameratest8 I/libUVCCamera: [20329*serenegiant_usb_UVCCamera.cpp:726:nativeUpdateFocusLimit]:[nativeUpdateFocusLimit-726] begin
2018-10-26 14:36:43.841 15571-20329/com.serenegiant.usbcameratest8 I/UVCCamera: [20329*UVCCamera.cpp:1056:updateFocusLimit]:[updateFocusLimit-1056] begin
2018-10-26 14:36:43.841 15571-20329/com.serenegiant.usbcameratest8 I/UVCCamera: [20329*UVCCamera.cpp:1061:updateFocusLimit]:[updateFocusLimit-1061] return (-3)
2018-10-26 14:36:43.841 15571-20329/com.serenegiant.usbcameratest8 I/libUVCCamera: [20329*serenegiant_usb_UVCCamera.cpp:738:nativeUpdateFocusLimit]:[nativeUpdateFocusLimit-738] return (-3)
2018-10-26 14:36:43.843 15571-20329/com.serenegiant.usbcameratest8 I/UVCCamera: controlSupports=e
2018-10-26 14:36:43.844 15571-20329/com.serenegiant.usbcameratest8 I/UVCCamera: D0:  Scanning Mode=disabled
2018-10-26 14:36:43.844 15571-20329/com.serenegiant.usbcameratest8 I/UVCCamera: D1:  Auto-Exposure Mode=enabled
2018-10-26 14:36:43.844 15571-20329/com.serenegiant.usbcameratest8 I/UVCCamera: D2:  Auto-Exposure Priority=enabled
2018-10-26 14:36:43.844 15571-20329/com.serenegiant.usbcameratest8 I/UVCCamera: D3:  Exposure Time (Absolute)=enabled
2018-10-26 14:36:43.844 15571-20329/com.serenegiant.usbcameratest8 I/UVCCamera: D4:  Exposure Time (Relative)=disabled
2018-10-26 14:36:43.844 15571-20329/com.serenegiant.usbcameratest8 I/UVCCamera: D5:  Focus (Absolute)=disabled
2018-10-26 14:36:43.844 15571-20329/com.serenegiant.usbcameratest8 I/UVCCamera: D6:  Focus (Relative)=disabled
2018-10-26 14:36:43.844 15571-20329/com.serenegiant.usbcameratest8 I/UVCCamera: D7:  Iris (Absolute)=disabled
2018-10-26 14:36:43.844 15571-20329/com.serenegiant.usbcameratest8 I/UVCCamera: D8:  Iris (Relative)=disabled
2018-10-26 14:36:43.844 15571-20329/com.serenegiant.usbcameratest8 I/UVCCamera: D9:  Zoom (Absolute)=disabled
2018-10-26 14:36:43.844 15571-20329/com.serenegiant.usbcameratest8 I/UVCCamera: D10: Zoom (Relative)=disabled
2018-10-26 14:36:43.844 15571-20329/com.serenegiant.usbcameratest8 I/UVCCamera: D11: PanTilt (Absolute)=disabled
2018-10-26 14:36:43.845 15571-20329/com.serenegiant.usbcameratest8 I/UVCCamera: D12: PanTilt (Relative)=disabled
2018-10-26 14:36:43.845 15571-20329/com.serenegiant.usbcameratest8 I/UVCCamera: D13: Roll (Absolute)=disabled
2018-10-26 14:36:43.845 15571-20329/com.serenegiant.usbcameratest8 I/UVCCamera: D14: Roll (Relative)=disabled
2018-10-26 14:36:43.845 15571-20329/com.serenegiant.usbcameratest8 I/UVCCamera: D15: Reserved=disabled
2018-10-26 14:36:43.845 15571-20329/com.serenegiant.usbcameratest8 I/UVCCamera: D16: Reserved=disabled
2018-10-26 14:36:43.845 15571-20329/com.serenegiant.usbcameratest8 I/UVCCamera: D17: Focus, Auto=disabled
2018-10-26 14:36:43.845 15571-20329/com.serenegiant.usbcameratest8 I/UVCCamera: D18: Privacy=disabled
2018-10-26 14:36:43.845 15571-20329/com.serenegiant.usbcameratest8 I/UVCCamera: D19: Focus, Simple=disabled
2018-10-26 14:36:43.845 15571-20329/com.serenegiant.usbcameratest8 I/UVCCamera: D20: Window=disabled
2018-10-26 14:36:43.845 15571-20329/com.serenegiant.usbcameratest8 I/UVCCamera: D21: Region of Interest=disabled
2018-10-26 14:36:43.845 15571-20329/com.serenegiant.usbcameratest8 I/UVCCamera: D22: Reserved, set to zero=disabled
2018-10-26 14:36:43.845 15571-20329/com.serenegiant.usbcameratest8 I/UVCCamera: D23: Reserved, set to zero=disabled
2018-10-26 14:36:43.847 15571-20329/com.serenegiant.usbcameratest8 I/UVCCamera: procSupports=177f
2018-10-26 14:36:43.847 15571-20329/com.serenegiant.usbcameratest8 I/UVCCamera: D0: Brightness=enabled
2018-10-26 14:36:43.847 15571-20329/com.serenegiant.usbcameratest8 I/UVCCamera: D1: Contrast=enabled
2018-10-26 14:36:43.847 15571-20329/com.serenegiant.usbcameratest8 I/UVCCamera: D2: Hue=enabled
2018-10-26 14:36:43.848 15571-20329/com.serenegiant.usbcameratest8 I/UVCCamera: D3: Saturation=enabled
2018-10-26 14:36:43.848 15571-20329/com.serenegiant.usbcameratest8 I/UVCCamera: D4: Sharpness=enabled
2018-10-26 14:36:43.848 15571-20329/com.serenegiant.usbcameratest8 I/UVCCamera: D5: Gamma=enabled
2018-10-26 14:36:43.848 15571-20329/com.serenegiant.usbcameratest8 I/UVCCamera: D6: White Balance Temperature=enabled
2018-10-26 14:36:43.848 15571-20329/com.serenegiant.usbcameratest8 I/UVCCamera: D7: White Balance Component=disabled
2018-10-26 14:36:43.848 15571-20329/com.serenegiant.usbcameratest8 I/UVCCamera: D8: Backlight Compensation=enabled
2018-10-26 14:36:43.848 15571-20329/com.serenegiant.usbcameratest8 I/UVCCamera: D9: Gain=enabled
2018-10-26 14:36:43.848 15571-20329/com.serenegiant.usbcameratest8 I/UVCCamera: D10: Power Line Frequency=enabled
2018-10-26 14:36:43.848 15571-20329/com.serenegiant.usbcameratest8 I/UVCCamera: D11: Hue, Auto=disabled
2018-10-26 14:36:43.848 15571-20329/com.serenegiant.usbcameratest8 I/UVCCamera: D12: White Balance Temperature, Auto=enabled
2018-10-26 14:36:43.848 15571-20329/com.serenegiant.usbcameratest8 I/UVCCamera: D13: White Balance Component, Auto=disabled
2018-10-26 14:36:43.848 15571-20329/com.serenegiant.usbcameratest8 I/UVCCamera: D14: Digital Multiplier=disabled
2018-10-26 14:36:43.848 15571-20329/com.serenegiant.usbcameratest8 I/UVCCamera: D15: Digital Multiplier Limit=disabled
2018-10-26 14:36:43.849 15571-20329/com.serenegiant.usbcameratest8 I/UVCCamera: D16: Analog Video Standard=disabled
2018-10-26 14:36:43.849 15571-20329/com.serenegiant.usbcameratest8 I/UVCCamera: D17: Analog Video Lock Status=disabled
2018-10-26 14:36:43.849 15571-20329/com.serenegiant.usbcameratest8 I/UVCCamera: D18: Contrast, Auto=disabled
2018-10-26 14:36:43.849 15571-20329/com.serenegiant.usbcameratest8 I/UVCCamera: D19: Reserved. Set to zero=disabled
2018-10-26 14:36:43.849 15571-20329/com.serenegiant.usbcameratest8 I/UVCCamera: D20: Reserved. Set to zero=disabled
2018-10-26 14:36:43.849 15571-20329/com.serenegiant.usbcameratest8 I/UVCCamera: D21: Reserved. Set to zero=disabled
2018-10-26 14:36:43.849 15571-20329/com.serenegiant.usbcameratest8 I/UVCCamera: D22: Reserved. Set to zero=disabled
2018-10-26 14:36:43.849 15571-20329/com.serenegiant.usbcameratest8 I/UVCCamera: D23: Reserved. Set to zero=disabled
2018-10-26 14:36:43.852 15571-20329/com.serenegiant.usbcameratest8 V/UVCCamera: Brightness:min=-64,max=64,def=0
2018-10-26 14:36:43.856 15571-20329/com.serenegiant.usbcameratest8 V/UVCCamera: Contrast:min=0,max=64,def=32
2018-10-26 14:36:43.858 15571-20329/com.serenegiant.usbcameratest8 V/UVCCamera: Sharpness:min=0,max=6,def=2
2018-10-26 14:36:43.861 15571-20329/com.serenegiant.usbcameratest8 V/UVCCamera: Gain:min=0,max=100,def=0
2018-10-26 14:36:43.864 15571-20329/com.serenegiant.usbcameratest8 V/UVCCamera: Gamma:min=72,max=500,def=100
2018-10-26 14:36:43.867 15571-20329/com.serenegiant.usbcameratest8 V/UVCCamera: Saturation:min=0,max=128,def=60
2018-10-26 14:36:43.868 15571-20329/com.serenegiant.usbcameratest8 V/UVCCamera: Hue:min=-40,max=40,def=0
2018-10-26 14:36:43.870 15571-20329/com.serenegiant.usbcameratest8 V/UVCCamera: Zoom:min=0,max=0,def=0
2018-10-26 14:36:43.871 15571-20329/com.serenegiant.usbcameratest8 V/UVCCamera: WhiteBlance:min=2800,max=6500,def=4600
2018-10-26 14:36:43.872 15571-20329/com.serenegiant.usbcameratest8 V/UVCCamera: Focus:min=0,max=0,def=0
2018-10-26 14:36:43.873 15571-15571/com.serenegiant.usbcameratest8 I/Choreographer: Skipped 48 frames!  The application may be doing too much work on its main thread.
2018-10-26 14:36:43.948 15571-20405/com.serenegiant.usbcameratest8 W/libUVCCamera: [20405*UVCPreview.cpp:119:get_frame]:allocate new frame
2018-10-26 14:36:43.949 15571-20403/com.serenegiant.usbcameratest8 W/libUVCCamera: [20403*UVCPreview.cpp:119:get_frame]:allocate new frame
2018-10-26 14:36:43.960 15571-20336/com.serenegiant.usbcameratest8 I/iGraphics: [0030080c] opt app: 0
2018-10-26 14:36:43.962 15571-20406/com.serenegiant.usbcameratest8 I/libUVCCamera: [20406*UVCPreview.cpp:847:do_capture_callback]:[do_capture_callback-847] begin
2018-10-26 14:36:43.962 15571-20406/com.serenegiant.usbcameratest8 I/libUVCCamera: [20406*UVCPreview.cpp:875:do_capture_callback]:[do_capture_callback-875] end
2018-10-26 14:36:43.971 15571-15607/com.serenegiant.usbcameratest8 I/iGraphics: [0030080c] opt app: 0
2018-10-26 14:36:43.988 15571-20406/com.serenegiant.usbcameratest8 I/libUVCCamera: [20406*UVCPreview.cpp:847:do_capture_callback]:[do_capture_callback-847] begin
2018-10-26 14:36:43.988 15571-20336/com.serenegiant.usbcameratest8 I/iGraphics: [0030080c] opt app: 0
2018-10-26 14:36:43.990 15571-20406/com.serenegiant.usbcameratest8 I/libUVCCamera: [20406*UVCPreview.cpp:875:do_capture_callback]:[do_capture_callback-875] end
2018-10-26 14:36:44.004 15571-15607/com.serenegiant.usbcameratest8 I/iGraphics: [0030080c] opt app: 0
2018-10-26 14:36:44.023 15571-20406/com.serenegiant.usbcameratest8 I/libUVCCamera: [20406*UVCPreview.cpp:847:do_capture_callback]:[do_capture_callback-847] begin
2018-10-26 14:36:44.023 15571-20406/com.serenegiant.usbcameratest8 I/libUVCCamera: [20406*UVCPreview.cpp:875:do_capture_callback]:[do_capture_callback-875] end
2018-10-26 14:36:44.056 15571-20406/com.serenegiant.usbcameratest8 I/libUVCCamera: [20406*UVCPreview.cpp:847:do_capture_callback]:[do_capture_callback-847] begin
2018-10-26 14:36:44.057 15571-20406/com.serenegiant.usbcameratest8 I/libUVCCamera: [20406*UVCPreview.cpp:875:do_capture_callback]:[do_capture_callback-875] end
2018-10-26 14:36:44.094 15571-20406/com.serenegiant.usbcameratest8 I/libUVCCamera: [20406*UVCPreview.cpp:847:do_capture_callback]:[do_capture_callback-847] begin
2018-10-26 14:36:44.094 15571-20406/com.serenegiant.usbcameratest8 I/libUVCCamera: [20406*UVCPreview.cpp:875:do_capture_callback]:[do_capture_callback-875] end
2018-10-26 14:36:44.124 15571-20406/com.serenegiant.usbcameratest8 I/libUVCCamera: [20406*UVCPreview.cpp:847:do_capture_callback]:[do_capture_callback-847] begin
2018-10-26 14:36:44.124 15571-20406/com.serenegiant.usbcameratest8 I/libUVCCamera: [20406*UVCPreview.cpp:875:do_capture_callback]:[do_capture_callback-875] end
2018-10-26 14:36:44.158 15571-20406/com.serenegiant.usbcameratest8 I/libUVCCamera: [20406*UVCPreview.cpp:847:do_capture_callback]:[do_capture_callback-847] begin
2018-10-26 14:36:44.158 15571-20406/com.serenegiant.usbcameratest8 I/libUVCCamera: [20406*UVCPreview.cpp:875:do_capture_callback]:[do_capture_callback-875] end
2018-10-26 14:36:44.193 15571-20406/com.serenegiant.usbcameratest8 I/libUVCCamera: [20406*UVCPreview.cpp:847:do_capture_callback]:[do_capture_callback-847] begin
2018-10-26 14:36:44.193 15571-20406/com.serenegiant.usbcameratest8 I/libUVCCamera: [20406*UVCPreview.cpp:875:do_capture_callback]:[do_capture_callback-875] end
2018-10-26 14:36:44.224 15571-20406/com.serenegiant.usbcameratest8 I/libUVCCamera: [20406*UVCPreview.cpp:847:do_capture_callback]:[do_capture_callback-847] begin
2018-10-26 14:36:44.224 15571-20406/com.serenegiant.usbcameratest8 I/libUVCCamera: [20406*UVCPreview.cpp:875:do_capture_callback]:[do_capture_callback-875] end
2018-10-26 14:36:44.257 15571-20406/com.serenegiant.usbcameratest8 I/libUVCCamera: [20406*UVCPreview.cpp:847:do_capture_callback]:[do_capture_callback-847] begin
2018-10-26 14:36:44.257 15571-20406/com.serenegiant.usbcameratest8 I/libUVCCamera: [20406*UVCPreview.cpp:875:do_capture_callback]:[do_capture_callback-875] end
2018-10-26 14:36:44.293 15571-20406/com.serenegiant.usbcameratest8 I/libUVCCamera: [20406*UVCPreview.cpp:847:do_capture_callback]:[do_capture_callback-847] begin
2018-10-26 14:36:44.293 15571-20406/com.serenegiant.usbcameratest8 I/libUVCCamera: [20406*UVCPreview.cpp:875:do_capture_callback]:[do_capture_callback-875] end
2018-10-26 14:36:44.324 15571-20406/com.serenegiant.usbcameratest8 I/libUVCCamera: [20406*UVCPreview.cpp:847:do_capture_callback]:[do_capture_callback-847] begin
2018-10-26 14:36:44.324 15571-20406/com.serenegiant.usbcameratest8 I/libUVCCamera: [20406*UVCPreview.cpp:875:do_capture_callback]:[do_capture_callback-875] end
2018-10-26 14:36:44.360 15571-20406/com.serenegiant.usbcameratest8 I/libUVCCamera: [20406*UVCPreview.cpp:847:do_capture_callback]:[do_capture_callback-847] begin
2018-10-26 14:36:44.360 15571-20406/com.serenegiant.usbcameratest8 I/libUVCCamera: [20406*UVCPreview.cpp:875:do_capture_callback]:[do_capture_callback-875] end
2018-10-26 14:36:44.392 15571-20406/com.serenegiant.usbcameratest8 I/libUVCCamera: [20406*UVCPreview.cpp:847:do_capture_callback]:[do_capture_callback-847] begin
2018-10-26 14:36:44.392 15571-20406/com.serenegiant.usbcameratest8 I/libUVCCamera: [20406*UVCPreview.cpp:875:do_capture_callback]:[do_capture_callback-875] end
2018-10-26 14:36:44.425 15571-20406/com.serenegiant.usbcameratest8 I/libUVCCamera: [20406*UVCPreview.cpp:847:do_capture_callback]:[do_capture_callback-847] begin
2018-10-26 14:36:44.425 15571-20406/com.serenegiant.usbcameratest8 I/libUVCCamera: [20406*UVCPreview.cpp:875:do_capture_callback]:[do_capture_callback-875] end
2018-10-26 14:36:44.463 15571-20406/com.serenegiant.usbcameratest8 I/libUVCCamera: [20406*UVCPreview.cpp:847:do_capture_callback]:[do_capture_callback-847] begin
2018-10-26 14:36:44.463 15571-20406/com.serenegiant.usbcameratest8 I/libUVCCamera: [20406*UVCPreview.cpp:875:do_capture_callback]:[do_capture_callback-875] end
2018-10-26 14:36:44.492 15571-20406/com.serenegiant.usbcameratest8 I/libUVCCamera: [20406*UVCPreview.cpp:847:do_capture_callback]:[do_capture_callback-847] begin
2018-10-26 14:36:44.492 15571-20406/com.serenegiant.usbcameratest8 I/libUVCCamera: [20406*UVCPreview.cpp:875:do_capture_callback]:[do_capture_callback-875] end
2018-10-26 14:36:44.526 15571-20406/com.serenegiant.usbcameratest8 I/libUVCCamera: [20406*UVCPreview.cpp:847:do_capture_callback]:[do_capture_callback-847] begin
2018-10-26 14:36:44.526 15571-20406/com.serenegiant.usbcameratest8 I/libUVCCamera: [20406*UVCPreview.cpp:875:do_capture_callback]:[do_capture_callback-875] end
2018-10-26 14:36:44.560 15571-20406/com.serenegiant.usbcameratest8 I/libUVCCamera: [20406*UVCPreview.cpp:847:do_capture_callback]:[do_capture_callback-847] begin
2018-10-26 14:36:44.561 15571-20406/com.serenegiant.usbcameratest8 I/libUVCCamera: [20406*UVCPreview.cpp:875:do_capture_callback]:[do_capture_callback-875] end
2018-10-26 14:36:44.593 15571-20406/com.serenegiant.usbcameratest8 I/libUVCCamera: [20406*UVCPreview.cpp:847:do_capture_callback]:[do_capture_callback-847] begin
2018-10-26 14:36:44.593 15571-20406/com.serenegiant.usbcameratest8 I/libUVCCamera: [20406*UVCPreview.cpp:875:do_capture_callback]:[do_capture_callback-875] end
2018-10-26 14:36:44.628 15571-20406/com.serenegiant.usbcameratest8 I/libUVCCamera: [20406*UVCPreview.cpp:847:do_capture_callback]:[do_capture_callback-847] begin
2018-10-26 14:36:44.628 15571-20406/com.serenegiant.usbcameratest8 I/libUVCCamera: [20406*UVCPreview.cpp:875:do_capture_callback]:[do_capture_callback-875] end
2018-10-26 14:36:44.659 15571-20406/com.serenegiant.usbcameratest8 I/libUVCCamera: [20406*UVCPreview.cpp:847:do_capture_callback]:[do_capture_callback-847] begin
2018-10-26 14:36:44.660 15571-20406/com.serenegiant.usbcameratest8 I/libUVCCamera: [20406*UVCPreview.cpp:875:do_capture_callback]:[do_capture_callback-875] end
2018-10-26 14:36:44.691 15571-20406/com.serenegiant.usbcameratest8 I/libUVCCamera: [20406*UVCPreview.cpp:847:do_capture_callback]:[do_capture_callback-847] begin
2018-10-26 14:36:44.692 15571-20406/com.serenegiant.usbcameratest8 I/libUVCCamera: [20406*UVCPreview.cpp:875:do_capture_callback]:[do_capture_callback-875] end
2018-10-26 14:36:44.729 15571-20406/com.serenegiant.usbcameratest8 I/libUVCCamera: [20406*UVCPreview.cpp:847:do_capture_callback]:[do_capture_callback-847] begin
2018-10-26 14:36:44.729 15571-20406/com.serenegiant.usbcameratest8 I/libUVCCamera: [20406*UVCPreview.cpp:875:do_capture_callback]:[do_capture_callback-875] end
2018-10-26 14:36:44.760 15571-20406/com.serenegiant.usbcameratest8 I/libUVCCamera: [20406*UVCPreview.cpp:847:do_capture_callback]:[do_capture_callback-847] begin
2018-10-26 14:36:44.760 15571-20406/com.serenegiant.usbcameratest8 I/libUVCCamera: [20406*UVCPreview.cpp:875:do_capture_callback]:[do_capture_callback-875] end
2018-10-26 14:36:44.792 15571-20406/com.serenegiant.usbcameratest8 I/libUVCCamera: [20406*UVCPreview.cpp:847:do_capture_callback]:[do_capture_callback-847] begin
2018-10-26 14:36:44.792 15571-20406/com.serenegiant.usbcameratest8 I/libUVCCamera: [20406*UVCPreview.cpp:875:do_capture_callback]:[do_capture_callback-875] end
2018-10-26 14:36:44.828 15571-20406/com.serenegiant.usbcameratest8 I/libUVCCamera: [20406*UVCPreview.cpp:847:do_capture_callback]:[do_capture_callback-847] begin
2018-10-26 14:36:44.828 15571-20406/com.serenegiant.usbcameratest8 I/libUVCCamera: [20406*UVCPreview.cpp:875:do_capture_callback]:[do_capture_callback-875] end
2018-10-26 14:36:44.860 15571-20406/com.serenegiant.usbcameratest8 I/libUVCCamera: [20406*UVCPreview.cpp:847:do_capture_callback]:[do_capture_callback-847] begin
2018-10-26 14:36:44.860 15571-20406/com.serenegiant.usbcameratest8 I/libUVCCamera: [20406*UVCPreview.cpp:875:do_capture_callback]:[do_capture_callback-875] end
2018-10-26 14:36:44.896 15571-20406/com.serenegiant.usbcameratest8 I/libUVCCamera: [20406*UVCPreview.cpp:847:do_capture_callback]:[do_capture_callback-847] begin
2018-10-26 14:36:44.896 15571-20406/com.serenegiant.usbcameratest8 I/libUVCCamera: [20406*UVCPreview.cpp:875:do_capture_callback]:[do_capture_callback-875] end
2018-10-26 14:36:44.928 15571-20406/com.serenegiant.usbcameratest8 I/libUVCCamera: [20406*UVCPreview.cpp:847:do_capture_callback]:[do_capture_callback-847] begin
2018-10-26 14:36:44.928 15571-20406/com.serenegiant.usbcameratest8 I/libUVCCamera: [20406*UVCPreview.cpp:875:do_capture_callback]:[do_capture_callback-875] end
2018-10-26 14:36:44.961 15571-20406/com.serenegiant.usbcameratest8 I/libUVCCamera: [20406*UVCPreview.cpp:847:do_capture_callback]:[do_capture_callback-847] begin
2018-10-26 14:36:44.961 15571-20406/com.serenegiant.usbcameratest8 I/libUVCCamera: [20406*UVCPreview.cpp:875:do_capture_callback]:[do_capture_callback-875] end
2018-10-26 14:36:44.998 15571-20406/com.serenegiant.usbcameratest8 I/libUVCCamera: [20406*UVCPreview.cpp:847:do_capture_callback]:[do_capture_callback-847] begin
2018-10-26 14:36:44.999 15571-20406/com.serenegiant.usbcameratest8 I/libUVCCamera: [20406*UVCPreview.cpp:875:do_capture_callback]:[do_capture_callback-875] end
2018-10-26 14:36:45.031 15571-20406/com.serenegiant.usbcameratest8 I/libUVCCamera: [20406*UVCPreview.cpp:847:do_capture_callback]:[do_capture_callback-847] begin
2018-10-26 14:36:45.032 15571-20406/com.serenegiant.usbcameratest8 I/libUVCCamera: [20406*UVCPreview.cpp:875:do_capture_callback]:[do_capture_callback-875] end
2018-10-26 14:36:45.065 15571-20406/com.serenegiant.usbcameratest8 I/libUVCCamera: [20406*UVCPreview.cpp:847:do_capture_callback]:[do_capture_callback-847] begin
2018-10-26 14:36:45.065 15571-20406/com.serenegiant.usbcameratest8 I/libUVCCamera: [20406*UVCPreview.cpp:875:do_capture_callback]:[do_capture_callback-875] end
2018-10-26 14:36:45.096 15571-20406/com.serenegiant.usbcameratest8 I/libUVCCamera: [20406*UVCPreview.cpp:847:do_capture_callback]:[do_capture_callback-847] begin
2018-10-26 14:36:45.096 15571-20406/com.serenegiant.usbcameratest8 I/libUVCCamera: [20406*UVCPreview.cpp:875:do_capture_callback]:[do_capture_callback-875] end
2018-10-26 14:36:45.129 15571-20406/com.serenegiant.usbcameratest8 I/libUVCCamera: [20406*UVCPreview.cpp:847:do_capture_callback]:[do_capture_callback-847] begin
2018-10-26 14:36:45.129 15571-20406/com.serenegiant.usbcameratest8 I/libUVCCamera: [20406*UVCPreview.cpp:875:do_capture_callback]:[do_capture_callback-875] end
2018-10-26 14:36:45.165 15571-20406/com.serenegiant.usbcameratest8 I/libUVCCamera: [20406*UVCPreview.cpp:847:do_capture_callback]:[do_capture_callback-847] begin
2018-10-26 14:36:45.168 15571-20406/com.serenegiant.usbcameratest8 I/libUVCCamera: [20406*UVCPreview.cpp:875:do_capture_callback]:[do_capture_callback-875] end
2018-10-26 14:36:45.197 15571-20406/com.serenegiant.usbcameratest8 I/libUVCCamera: [20406*UVCPreview.cpp:847:do_capture_callback]:[do_capture_callback-847] begin
2018-10-26 14:36:45.197 15571-20406/com.serenegiant.usbcameratest8 I/libUVCCamera: [20406*UVCPreview.cpp:875:do_capture_callback]:[do_capture_callback-875] end
2018-10-26 14:36:45.228 15571-20406/com.serenegiant.usbcameratest8 I/libUVCCamera: [20406*UVCPreview.cpp:847:do_capture_callback]:[do_capture_callback-847] begin
